Archive member included to satisfy reference by file (symbol)

d:/programy/swstm32/plugins/fr.ac6.mcu.externaltools.arm-none.win32_1.17.0.201812190825/tools/compiler/bin/../lib/gcc/arm-none-eabi/7.3.1/../../../../arm-none-eabi/lib/thumb/v7e-m/fpv4-sp/hard\libm.a(lib_a-s_cos.o)
                              Application/User/L76X.o (cos)
d:/programy/swstm32/plugins/fr.ac6.mcu.externaltools.arm-none.win32_1.17.0.201812190825/tools/compiler/bin/../lib/gcc/arm-none-eabi/7.3.1/../../../../arm-none-eabi/lib/thumb/v7e-m/fpv4-sp/hard\libm.a(lib_a-s_sin.o)
                              Application/User/L76X.o (sin)
d:/programy/swstm32/plugins/fr.ac6.mcu.externaltools.arm-none.win32_1.17.0.201812190825/tools/compiler/bin/../lib/gcc/arm-none-eabi/7.3.1/../../../../arm-none-eabi/lib/thumb/v7e-m/fpv4-sp/hard\libm.a(lib_a-w_atan2.o)
                              Application/User/L76X.o (atan2)
d:/programy/swstm32/plugins/fr.ac6.mcu.externaltools.arm-none.win32_1.17.0.201812190825/tools/compiler/bin/../lib/gcc/arm-none-eabi/7.3.1/../../../../arm-none-eabi/lib/thumb/v7e-m/fpv4-sp/hard\libm.a(lib_a-w_pow.o)
                              Application/User/bme280.o (pow)
d:/programy/swstm32/plugins/fr.ac6.mcu.externaltools.arm-none.win32_1.17.0.201812190825/tools/compiler/bin/../lib/gcc/arm-none-eabi/7.3.1/../../../../arm-none-eabi/lib/thumb/v7e-m/fpv4-sp/hard\libm.a(lib_a-w_sqrt.o)
                              Application/User/L76X.o (sqrt)
d:/programy/swstm32/plugins/fr.ac6.mcu.externaltools.arm-none.win32_1.17.0.201812190825/tools/compiler/bin/../lib/gcc/arm-none-eabi/7.3.1/../../../../arm-none-eabi/lib/thumb/v7e-m/fpv4-sp/hard\libm.a(lib_a-e_atan2.o)
                              d:/programy/swstm32/plugins/fr.ac6.mcu.externaltools.arm-none.win32_1.17.0.201812190825/tools/compiler/bin/../lib/gcc/arm-none-eabi/7.3.1/../../../../arm-none-eabi/lib/thumb/v7e-m/fpv4-sp/hard\libm.a(lib_a-w_atan2.o) (__ieee754_atan2)
d:/programy/swstm32/plugins/fr.ac6.mcu.externaltools.arm-none.win32_1.17.0.201812190825/tools/compiler/bin/../lib/gcc/arm-none-eabi/7.3.1/../../../../arm-none-eabi/lib/thumb/v7e-m/fpv4-sp/hard\libm.a(lib_a-e_pow.o)
                              d:/programy/swstm32/plugins/fr.ac6.mcu.externaltools.arm-none.win32_1.17.0.201812190825/tools/compiler/bin/../lib/gcc/arm-none-eabi/7.3.1/../../../../arm-none-eabi/lib/thumb/v7e-m/fpv4-sp/hard\libm.a(lib_a-w_pow.o) (__ieee754_pow)
d:/programy/swstm32/plugins/fr.ac6.mcu.externaltools.arm-none.win32_1.17.0.201812190825/tools/compiler/bin/../lib/gcc/arm-none-eabi/7.3.1/../../../../arm-none-eabi/lib/thumb/v7e-m/fpv4-sp/hard\libm.a(lib_a-e_rem_pio2.o)
                              d:/programy/swstm32/plugins/fr.ac6.mcu.externaltools.arm-none.win32_1.17.0.201812190825/tools/compiler/bin/../lib/gcc/arm-none-eabi/7.3.1/../../../../arm-none-eabi/lib/thumb/v7e-m/fpv4-sp/hard\libm.a(lib_a-s_cos.o) (__ieee754_rem_pio2)
d:/programy/swstm32/plugins/fr.ac6.mcu.externaltools.arm-none.win32_1.17.0.201812190825/tools/compiler/bin/../lib/gcc/arm-none-eabi/7.3.1/../../../../arm-none-eabi/lib/thumb/v7e-m/fpv4-sp/hard\libm.a(lib_a-e_sqrt.o)
                              d:/programy/swstm32/plugins/fr.ac6.mcu.externaltools.arm-none.win32_1.17.0.201812190825/tools/compiler/bin/../lib/gcc/arm-none-eabi/7.3.1/../../../../arm-none-eabi/lib/thumb/v7e-m/fpv4-sp/hard\libm.a(lib_a-w_sqrt.o) (__ieee754_sqrt)
d:/programy/swstm32/plugins/fr.ac6.mcu.externaltools.arm-none.win32_1.17.0.201812190825/tools/compiler/bin/../lib/gcc/arm-none-eabi/7.3.1/../../../../arm-none-eabi/lib/thumb/v7e-m/fpv4-sp/hard\libm.a(lib_a-k_cos.o)
                              d:/programy/swstm32/plugins/fr.ac6.mcu.externaltools.arm-none.win32_1.17.0.201812190825/tools/compiler/bin/../lib/gcc/arm-none-eabi/7.3.1/../../../../arm-none-eabi/lib/thumb/v7e-m/fpv4-sp/hard\libm.a(lib_a-s_cos.o) (__kernel_cos)
d:/programy/swstm32/plugins/fr.ac6.mcu.externaltools.arm-none.win32_1.17.0.201812190825/tools/compiler/bin/../lib/gcc/arm-none-eabi/7.3.1/../../../../arm-none-eabi/lib/thumb/v7e-m/fpv4-sp/hard\libm.a(lib_a-k_rem_pio2.o)
                              d:/programy/swstm32/plugins/fr.ac6.mcu.externaltools.arm-none.win32_1.17.0.201812190825/tools/compiler/bin/../lib/gcc/arm-none-eabi/7.3.1/../../../../arm-none-eabi/lib/thumb/v7e-m/fpv4-sp/hard\libm.a(lib_a-e_rem_pio2.o) (__kernel_rem_pio2)
d:/programy/swstm32/plugins/fr.ac6.mcu.externaltools.arm-none.win32_1.17.0.201812190825/tools/compiler/bin/../lib/gcc/arm-none-eabi/7.3.1/../../../../arm-none-eabi/lib/thumb/v7e-m/fpv4-sp/hard\libm.a(lib_a-k_sin.o)
                              d:/programy/swstm32/plugins/fr.ac6.mcu.externaltools.arm-none.win32_1.17.0.201812190825/tools/compiler/bin/../lib/gcc/arm-none-eabi/7.3.1/../../../../arm-none-eabi/lib/thumb/v7e-m/fpv4-sp/hard\libm.a(lib_a-s_cos.o) (__kernel_sin)
[...]
Memory Configuration

Name             Origin             Length             Attributes
RAM              0x20000000         0x00020000         xrw
FLASH            0x08000000         0x00080000         xr
*default*        0x00000000         0xffffffff

Linker script and memory map

LOAD d:/programy/swstm32/plugins/fr.ac6.mcu.externaltools.arm-none.win32_1.17.0.201812190825/tools/compiler/bin/../lib/gcc/arm-none-eabi/7.3.1/thumb/v7e-m/fpv4-sp/hard/crti.o
LOAD d:/programy/swstm32/plugins/fr.ac6.mcu.externaltools.arm-none.win32_1.17.0.201812190825/tools/compiler/bin/../lib/gcc/arm-none-eabi/7.3.1/thumb/v7e-m/fpv4-sp/hard/crtbegin.o
LOAD d:/programy/swstm32/plugins/fr.ac6.mcu.externaltools.arm-none.win32_1.17.0.201812190825/tools/compiler/bin/../lib/gcc/arm-none-eabi/7.3.1/../../../../arm-none-eabi/lib/thumb/v7e-m/fpv4-sp/hard/crt0.o
LOAD Application/SW4STM32/startup_stm32f411xe.o
LOAD Application/SW4STM32/syscalls.o
LOAD Application/User/DEV_Config.o
LOAD Application/User/L76X.o
LOAD Application/User/bme280.o
LOAD Application/User/main.o
LOAD Application/User/stm32f4xx_hal_msp.o
LOAD Application/User/stm32f4xx_it.o
LOAD Drivers/CMSIS/system_stm32f4xx.o
LOAD Drivers/STM32F4xx_HAL_Driver/stm32f4xx_hal.o
LOAD Drivers/STM32F4xx_HAL_Driver/stm32f4xx_hal_cortex.o
LOAD Drivers/STM32F4xx_HAL_Driver/stm32f4xx_hal_dma.o
LOAD Drivers/STM32F4xx_HAL_Driver/stm32f4xx_hal_dma_ex.o
LOAD Drivers/STM32F4xx_HAL_Driver/stm32f4xx_hal_exti.o
LOAD Drivers/STM32F4xx_HAL_Driver/stm32f4xx_hal_flash.o
LOAD Drivers/STM32F4xx_HAL_Driver/stm32f4xx_hal_flash_ex.o
LOAD Drivers/STM32F4xx_HAL_Driver/stm32f4xx_hal_flash_ramfunc.o
LOAD Drivers/STM32F4xx_HAL_Driver/stm32f4xx_hal_gpio.o
LOAD Drivers/STM32F4xx_HAL_Driver/stm32f4xx_hal_i2c.o
LOAD Drivers/STM32F4xx_HAL_Driver/stm32f4xx_hal_i2c_ex.o
LOAD Drivers/STM32F4xx_HAL_Driver/stm32f4xx_hal_pwr.o
LOAD Drivers/STM32F4xx_HAL_Driver/stm32f4xx_hal_pwr_ex.o
LOAD Drivers/STM32F4xx_HAL_Driver/stm32f4xx_hal_rcc.o
LOAD Drivers/STM32F4xx_HAL_Driver/stm32f4xx_hal_rcc_ex.o
LOAD Drivers/STM32F4xx_HAL_Driver/stm32f4xx_hal_rtc.o
LOAD Drivers/STM32F4xx_HAL_Driver/stm32f4xx_hal_rtc_ex.o
LOAD Drivers/STM32F4xx_HAL_Driver/stm32f4xx_hal_tim.o
LOAD Drivers/STM32F4xx_HAL_Driver/stm32f4xx_hal_tim_ex.o
LOAD Drivers/STM32F4xx_HAL_Driver/stm32f4xx_hal_uart.o
LOAD d:/programy/swstm32/plugins/fr.ac6.mcu.externaltools.arm-none.win32_1.17.0.201812190825/tools/compiler/bin/../lib/gcc/arm-none-eabi/7.3.1/../../../../arm-none-eabi/lib/thumb/v7e-m/fpv4-sp/hard\libm.a
START GROUP
LOAD d:/programy/swstm32/plugins/fr.ac6.mcu.externaltools.arm-none.win32_1.17.0.201812190825/tools/compiler/bin/../lib/gcc/arm-none-eabi/7.3.1/thumb/v7e-m/fpv4-sp/hard\libgcc.a
LOAD d:/programy/swstm32/plugins/fr.ac6.mcu.externaltools.arm-none.win32_1.17.0.201812190825/tools/compiler/bin/../lib/gcc/arm-none-eabi/7.3.1/../../../../arm-none-eabi/lib/thumb/v7e-m/fpv4-sp/hard\libc_nano.a
END GROUP
START GROUP
LOAD d:/programy/swstm32/plugins/fr.ac6.mcu.externaltools.arm-none.win32_1.17.0.201812190825/tools/compiler/bin/../lib/gcc/arm-none-eabi/7.3.1/thumb/v7e-m/fpv4-sp/hard\libgcc.a
LOAD d:/programy/swstm32/plugins/fr.ac6.mcu.externaltools.arm-none.win32_1.17.0.201812190825/tools/compiler/bin/../lib/gcc/arm-none-eabi/7.3.1/../../../../arm-none-eabi/lib/thumb/v7e-m/fpv4-sp/hard\libc_nano.a
LOAD d:/programy/swstm32/plugins/fr.ac6.mcu.externaltools.arm-none.win32_1.17.0.201812190825/tools/compiler/bin/../lib/gcc/arm-none-eabi/7.3.1/../../../../arm-none-eabi/lib/thumb/v7e-m/fpv4-sp/hard\libnosys.a
END GROUP
START GROUP
LOAD d:/programy/swstm32/plugins/fr.ac6.mcu.externaltools.arm-none.win32_1.17.0.201812190825/tools/compiler/bin/../lib/gcc/arm-none-eabi/7.3.1/thumb/v7e-m/fpv4-sp/hard\libgcc.a
LOAD d:/programy/swstm32/plugins/fr.ac6.mcu.externaltools.arm-none.win32_1.17.0.201812190825/tools/compiler/bin/../lib/gcc/arm-none-eabi/7.3.1/../../../../arm-none-eabi/lib/thumb/v7e-m/fpv4-sp/hard\libc_nano.a
LOAD d:/programy/swstm32/plugins/fr.ac6.mcu.externaltools.arm-none.win32_1.17.0.201812190825/tools/compiler/bin/../lib/gcc/arm-none-eabi/7.3.1/../../../../arm-none-eabi/lib/thumb/v7e-m/fpv4-sp/hard\libnosys.a
END GROUP
LOAD d:/programy/swstm32/plugins/fr.ac6.mcu.externaltools.arm-none.win32_1.17.0.201812190825/tools/compiler/bin/../lib/gcc/arm-none-eabi/7.3.1/thumb/v7e-m/fpv4-sp/hard/crtend.o
LOAD d:/programy/swstm32/plugins/fr.ac6.mcu.externaltools.arm-none.win32_1.17.0.201812190825/tools/compiler/bin/../lib/gcc/arm-none-eabi/7.3.1/thumb/v7e-m/fpv4-sp/hard/crtn.o
                0x20020000                _estack = 0x20020000
                0x00000200                _Min_Heap_Size = 0x200
                0x00000400                _Min_Stack_Size = 0x400

.isr_vector     0x08000000      0x198
                0x08000000                . = ALIGN (0x4)
 *(.isr_vector)
 .isr_vector    0x08000000      0x198 Application/SW4STM32/startup_stm32f411xe.o
                0x08000000                g_pfnVectors
                0x08000198                . = ALIGN (0x4)

.text           0x080001a0     0xaa90
                0x080001a0                . = ALIGN (0x4)
 *(.text)
 .text          0x080001a0       0x40 d:/programy/swstm32/plugins/fr.ac6.mcu.externaltools.arm-none.win32_1.17.0.201812190825/tools/compiler/bin/../lib/gcc/arm-none-eabi/7.3.1/thumb/v7e-m/fpv4-sp/hard/crtbegin.o
 .text          0x080001e0      0x378 d:/programy/swstm32/plugins/fr.ac6.mcu.externaltools.arm-none.win32_1.17.0.201812190825/tools/compiler/bin/../lib/gcc/arm-none-eabi/7.3.1/thumb/v7e-m/fpv4-sp/hard\libgcc.a(_arm_addsubdf3.o)
                0x080001e0                __aeabi_drsub
                0x080001e8                __aeabi_dsub
                0x080001e8                __subdf3
                0x080001ec                __aeabi_dadd
                0x080001ec                __adddf3
                0x08000464                __floatunsidf
                0x08000464                __aeabi_ui2d
                0x08000484                __floatsidf
                0x08000484                __aeabi_i2d
                0x080004a8                __aeabi_f2d
                0x080004a8                __extendsfdf2
                0x080004ec                __floatundidf
                0x080004ec                __aeabi_ul2d
                0x080004fc                __floatdidf
                0x080004fc                __aeabi_l2d
 .text          0x08000558      0x424 d:/programy/swstm32/plugins/fr.ac6.mcu.externaltools.arm-none.win32_1.17.0.201812190825/tools/compiler/bin/../lib/gcc/arm-none-eabi/7.3.1/thumb/v7e-m/fpv4-sp/hard\libgcc.a(_arm_muldivdf3.o)
                0x08000558                __aeabi_dmul
                0x08000558                __muldf3
                0x080007ac                __divdf3
                0x080007ac                __aeabi_ddiv
 .text          0x0800097c      0x110 d:/programy/swstm32/plugins/fr.ac6.mcu.externaltools.arm-none.win32_1.17.0.201812190825/tools/compiler/bin/../lib/gcc/arm-none-eabi/7.3.1/thumb/v7e-m/fpv4-sp/hard\libgcc.a(_arm_cmpdf2.o)
                0x0800097c                __gtdf2
                0x0800097c                __gedf2
                0x08000984                __ltdf2
                0x08000984                __ledf2
                0x0800098c                __nedf2
                0x0800098c                __eqdf2
                0x0800098c                __cmpdf2
                0x08000a08                __aeabi_cdrcmple
                0x08000a18                __aeabi_cdcmpeq
                0x08000a18                __aeabi_cdcmple
                0x08000a28                __aeabi_dcmpeq
                0x08000a3c                __aeabi_dcmplt
                0x08000a50                __aeabi_dcmple
                0x08000a64                __aeabi_dcmpge
                0x08000a78                __aeabi_dcmpgt
 .text          0x08000a8c       0x2c d:/programy/swstm32/plugins/fr.ac6.mcu.externaltools.arm-none.win32_1.17.0.201812190825/tools/compiler/bin/../lib/gcc/arm-none-eabi/7.3.1/thumb/v7e-m/fpv4-sp/hard\libgcc.a(_arm_unorddf2.o)
                0x08000a8c                __unorddf2
                0x08000a8c                __aeabi_dcmpun
 .text          0x08000ab8       0x50 d:/programy/swstm32/plugins/fr.ac6.mcu.externaltools.arm-none.win32_1.17.0.201812190825/tools/compiler/bin/../lib/gcc/arm-none-eabi/7.3.1/thumb/v7e-m/fpv4-sp/hard\libgcc.a(_arm_fixdfsi.o)
                0x08000ab8                __aeabi_d2iz
                0x08000ab8                __fixdfsi
 .text          0x08000b08       0xa0 d:/programy/swstm32/plugins/fr.ac6.mcu.externaltools.arm-none.win32_1.17.0.201812190825/tools/compiler/bin/../lib/gcc/arm-none-eabi/7.3.1/thumb/v7e-m/fpv4-sp/hard\libgcc.a(_aeabi_ldivmod.o)
                0x08000b08                __aeabi_ldivmod
 .text          0x08000ba8       0x30 d:/programy/swstm32/plugins/fr.ac6.mcu.externaltools.arm-none.win32_1.17.0.201812190825/tools/compiler/bin/../lib/gcc/arm-none-eabi/7.3.1/thumb/v7e-m/fpv4-sp/hard\libgcc.a(_aeabi_uldivmod.o)
                0x08000ba8                __aeabi_uldivmod
 .text          0x08000bd8      0x2cc d:/programy/swstm32/plugins/fr.ac6.mcu.externaltools.arm-none.win32_1.17.0.201812190825/tools/compiler/bin/../lib/gcc/arm-none-eabi/7.3.1/thumb/v7e-m/fpv4-sp/hard\libgcc.a(_udivmoddi4.o)
                0x08000bd8                __udivmoddi4
 .text          0x08000ea4        0x4 d:/programy/swstm32/plugins/fr.ac6.mcu.externaltools.arm-none.win32_1.17.0.201812190825/tools/compiler/bin/../lib/gcc/arm-none-eabi/7.3.1/thumb/v7e-m/fpv4-sp/hard\libgcc.a(_dvmd_tls.o)
                0x08000ea4                __aeabi_idiv0
                0x08000ea4                __aeabi_ldiv0
 .text          0x08000ea8       0x10 d:/programy/swstm32/plugins/fr.ac6.mcu.externaltools.arm-none.win32_1.17.0.201812190825/tools/compiler/bin/../lib/gcc/arm-none-eabi/7.3.1/../../../../arm-none-eabi/lib/thumb/v7e-m/fpv4-sp/hard\libc_nano.a(lib_a-strlen.o)
                0x08000ea8                strlen
 *fill*         0x08000eb8        0x8 
 .text          0x08000ec0       0xa0 d:/programy/swstm32/plugins/fr.ac6.mcu.externaltools.arm-none.win32_1.17.0.201812190825/tools/compiler/bin/../lib/gcc/arm-none-eabi/7.3.1/../../../../arm-none-eabi/lib/thumb/v7e-m/fpv4-sp/hard\libc_nano.a(lib_a-memchr.o)
                0x08000ec0                memchr
 *(.text*)
 .text.Reset_Handler
                0x08000f60       0x50 Application/SW4STM32/startup_stm32f411xe.o
                0x08000f60                Reset_Handler
 .text.Default_Handler
                0x08000fb0        0x2 Application/SW4STM32/startup_stm32f411xe.o
                0x08000fb0                RTC_Alarm_IRQHandler
                0x08000fb0                EXTI2_IRQHandler
                0x08000fb0                SPI4_IRQHandler
                0x08000fb0                TIM1_CC_IRQHandler
                0x08000fb0                DMA2_Stream5_IRQHandler
                0x08000fb0                DMA1_Stream5_IRQHandler
                0x08000fb0                PVD_IRQHandler
                0x08000fb0                SDIO_IRQHandler
                0x08000fb0                TAMP_STAMP_IRQHandler
                0x08000fb0                EXTI3_IRQHandler
                0x08000fb0                I2C3_ER_IRQHandler
                0x08000fb0                I2C2_EV_IRQHandler
                0x08000fb0                DMA1_Stream2_IRQHandler
                0x08000fb0                FPU_IRQHandler
                0x08000fb0                DMA2_Stream2_IRQHandler
                0x08000fb0                SPI1_IRQHandler
                0x08000fb0                TIM1_BRK_TIM9_IRQHandler
                0x08000fb0                DMA2_Stream3_IRQHandler
                0x08000fb0                DMA2_Stream0_IRQHandler
                0x08000fb0                TIM4_IRQHandler
                0x08000fb0                DMA1_Stream6_IRQHandler
                0x08000fb0                DMA1_Stream1_IRQHandler
                0x08000fb0                TIM3_IRQHandler
                0x08000fb0                RCC_IRQHandler
                0x08000fb0                Default_Handler
                0x08000fb0                EXTI15_10_IRQHandler
                0x08000fb0                ADC_IRQHandler
                0x08000fb0                DMA1_Stream7_IRQHandler
                0x08000fb0                SPI5_IRQHandler
                0x08000fb0                TIM5_IRQHandler
                0x08000fb0                DMA2_Stream7_IRQHandler
                0x08000fb0                I2C3_EV_IRQHandler
                0x08000fb0                EXTI9_5_IRQHandler
                0x08000fb0                RTC_WKUP_IRQHandler
                0x08000fb0                SPI2_IRQHandler
                0x08000fb0                DMA1_Stream0_IRQHandler
                0x08000fb0                EXTI4_IRQHandler
                0x08000fb0                WWDG_IRQHandler
                0x08000fb0                TIM2_IRQHandler
                0x08000fb0                OTG_FS_WKUP_IRQHandler
                0x08000fb0                EXTI1_IRQHandler
                0x08000fb0                I2C2_ER_IRQHandler
                0x08000fb0                DMA2_Stream1_IRQHandler
                0x08000fb0                FLASH_IRQHandler
                0x08000fb0                DMA2_Stream4_IRQHandler
                0x08000fb0                USART1_IRQHandler
                0x08000fb0                OTG_FS_IRQHandler
                0x08000fb0                SPI3_IRQHandler
                0x08000fb0                DMA1_Stream4_IRQHandler
                0x08000fb0                DMA2_Stream6_IRQHandler
                0x08000fb0                DMA1_Stream3_IRQHandler
 .text._read    0x08000fb2       0x1c Application/SW4STM32/syscalls.o
                0x08000fb2                _read
 .text._write   0x08000fce       0x1c Application/SW4STM32/syscalls.o
                0x08000fce                _write
 *fill*         0x08000fea        0x2 
 .text._sbrk    0x08000fec       0x3c Application/SW4STM32/syscalls.o
                0x08000fec                _sbrk
 .text._close   0x08001028        0x6 Application/SW4STM32/syscalls.o
                0x08001028                _close
 .text._fstat   0x0800102e        0xa Application/SW4STM32/syscalls.o
                0x0800102e                _fstat
 .text._isatty  0x08001038        0x4 Application/SW4STM32/syscalls.o
                0x08001038                _isatty
 .text._lseek   0x0800103c        0x4 Application/SW4STM32/syscalls.o
                0x0800103c                _lseek
 .text.DEV_Uart_SendByte
                0x08001040       0x28 Application/User/DEV_Config.o
                0x08001040                DEV_Uart_SendByte
 .text.DEV_Uart_SendString
                0x08001068       0x28 Application/User/DEV_Config.o
                0x08001068                DEV_Uart_SendString
 .text.DEV_Uart_ReceiveString
                0x08001090       0x20 Application/User/DEV_Config.o
                0x08001090                DEV_Uart_ReceiveString
 .text.DEV_Set_Baudrate
                0x080010b0       0x34 Application/User/DEV_Config.o
                0x080010b0                DEV_Set_Baudrate
 .text.L76X_Send_Command
                0x080010e4       0x58 Application/User/L76X.o
                0x080010e4                L76X_Send_Command
 .text.L76X_Exit_BackupMode
                0x0800113c        0x2 Application/User/L76X.o
                0x0800113c                L76X_Exit_BackupMode
 *fill*         0x0800113e        0x2 
 .text.L76X_Gat_GNRMC
                0x08001140      0x214 Application/User/L76X.o
                0x08001140                L76X_Gat_GNRMC
 .text.bme280_WriteReg
                0x08001354       0x2c Application/User/bme280.o
 .text.I2Cx_ReadData16
                0x08001380       0x28 Application/User/bme280.o
 .text.bme280_ReadData16
                0x080013a8        0xe Application/User/bme280.o
 .text.bme280_ReadSignedData16
                0x080013b6        0xe Application/User/bme280.o
 .text.bme280_ReadCoefficients_Temp
                0x080013c4       0x24 Application/User/bme280.o
 .text.bme280_ReadCoefficients_Pres
                0x080013e8       0x5c Application/User/bme280.o
 .text.bme280_ReadSignedData16_Convert
                0x08001444       0x1a Application/User/bme280.o
 *fill*         0x0800145e        0x2 
 .text.bme280_ReadRegPtr
                0x08001460       0x34 Application/User/bme280.o
 .text.bme280_ReadReg
                0x08001494       0x30 Application/User/bme280.o
 .text.bme280_ReadStatus
                0x080014c4        0xe Application/User/bme280.o
 *fill*         0x080014d2        0x2 
 .text.bme280_ReadCoefficients_Hum
                0x080014d4       0x58 Application/User/bme280.o
 .text.bme280_ReadCoefficients
                0x0800152c       0x10 Application/User/bme280.o
 .text.bme280_SetStandby
                0x0800153c       0x20 Application/User/bme280.o
 .text.bme280_SetFilter
                0x0800155c       0x1c Application/User/bme280.o
 .text.bme280_SetOversamplingTemper
                0x08001578       0x20 Application/User/bme280.o
 .text.bme280_SetOversamplingPressure
                0x08001598       0x1c Application/User/bme280.o
 .text.bme280_SetOversamplingHum
                0x080015b4       0x2a Application/User/bme280.o
 .text.bme280_SetMode
                0x080015de       0x1c Application/User/bme280.o
 *fill*         0x080015fa        0x2 
 .text.I2Cx_ReadData24
                0x080015fc       0x28 Application/User/bme280.o
 .text.bme280_ReadRegDataConvert24
                0x08001624       0x26 Application/User/bme280.o
 *fill*         0x0800164a        0x2 
 .text.BME280_Initial
                0x0800164c       0x98 Application/User/bme280.o
                0x0800164c                BME280_Initial
 .text.BME280_ReadTemperature
                0x080016e4       0x7c Application/User/bme280.o
                0x080016e4                BME280_ReadTemperature
 .text.BME280_ReadPressure
                0x08001760      0x234 Application/User/bme280.o
                0x08001760                BME280_ReadPressure
 .text.BME280_ReadHumidity
                0x08001994       0xbc Application/User/bme280.o
                0x08001994                BME280_ReadHumidity
 .text.MX_I2C1_Init
                0x08001a50       0x34 Application/User/main.o
 .text.MX_RTC_Init
                0x08001a84       0x28 Application/User/main.o
 .text.MX_TIM10_Init
                0x08001aac       0x2c Application/User/main.o
 .text.MX_TIM11_Init
                0x08001ad8       0x2c Application/User/main.o
 .text.MX_USART6_UART_Init
                0x08001b04       0x2c Application/User/main.o
 .text.MX_USART2_UART_Init
                0x08001b30       0x2c Application/User/main.o
 .text.MX_GPIO_Init
                0x08001b5c       0xd0 Application/User/main.o
 *fill*         0x08001c2c        0x4 
 .text.calculate_distance
                0x08001c30      0x160 Application/User/main.o
                0x08001c30                calculate_distance
 .text.HAL_GPIO_EXTI_Callback
                0x08001d90       0x64 Application/User/main.o
                0x08001d90                HAL_GPIO_EXTI_Callback
 *fill*         0x08001df4        0x4 
 .text.HAL_TIM_PeriodElapsedCallback
                0x08001df8      0x26c Application/User/main.o
                0x08001df8                HAL_TIM_PeriodElapsedCallback
 .text.SystemClock_Config
                0x08002064       0xb0 Application/User/main.o
                0x08002064                SystemClock_Config
 .text.main     0x08002114       0xe4 Application/User/main.o
                0x08002114                main
 .text.Error_Handler
                0x080021f8        0x2 Application/User/main.o
                0x080021f8                Error_Handler
 *fill*         0x080021fa        0x2 
 .text.HAL_MspInit
                0x080021fc       0x38 Application/User/stm32f4xx_hal_msp.o
                0x080021fc                HAL_MspInit
 .text.HAL_I2C_MspInit
                0x08002234       0x94 Application/User/stm32f4xx_hal_msp.o
                0x08002234                HAL_I2C_MspInit
 .text.HAL_RTC_MspInit
                0x080022c8       0x1c Application/User/stm32f4xx_hal_msp.o
                0x080022c8                HAL_RTC_MspInit
 .text.HAL_TIM_Base_MspInit
                0x080022e4       0x74 Application/User/stm32f4xx_hal_msp.o
                0x080022e4                HAL_TIM_Base_MspInit
 .text.HAL_UART_MspInit
                0x08002358       0xe4 Application/User/stm32f4xx_hal_msp.o
                0x08002358                HAL_UART_MspInit
 .text.NMI_Handler
                0x0800243c        0x2 Application/User/stm32f4xx_it.o
                0x0800243c                NMI_Handler
 .text.HardFault_Handler
                0x0800243e        0x2 Application/User/stm32f4xx_it.o
                0x0800243e                HardFault_Handler
 .text.MemManage_Handler
                0x08002440        0x2 Application/User/stm32f4xx_it.o
                0x08002440                MemManage_Handler
 .text.BusFault_Handler
                0x08002442        0x2 Application/User/stm32f4xx_it.o
                0x08002442                BusFault_Handler
 .text.UsageFault_Handler
                0x08002444        0x2 Application/User/stm32f4xx_it.o
                0x08002444                UsageFault_Handler
 .text.SVC_Handler
                0x08002446        0x2 Application/User/stm32f4xx_it.o
                0x08002446                SVC_Handler
 .text.DebugMon_Handler
                0x08002448        0x2 Application/User/stm32f4xx_it.o
                0x08002448                DebugMon_Handler
 .text.PendSV_Handler
                0x0800244a        0x2 Application/User/stm32f4xx_it.o
                0x0800244a                PendSV_Handler
 .text.SysTick_Handler
                0x0800244c        0x8 Application/User/stm32f4xx_it.o
                0x0800244c                SysTick_Handler
 .text.EXTI0_IRQHandler
                0x08002454        0xa Application/User/stm32f4xx_it.o
                0x08002454                EXTI0_IRQHandler
 *fill*         0x0800245e        0x2 
 .text.TIM1_UP_TIM10_IRQHandler
                0x08002460       0x10 Application/User/stm32f4xx_it.o
                0x08002460                TIM1_UP_TIM10_IRQHandler
 .text.TIM1_TRG_COM_TIM11_IRQHandler
                0x08002470       0x10 Application/User/stm32f4xx_it.o
                0x08002470                TIM1_TRG_COM_TIM11_IRQHandler
 .text.I2C1_EV_IRQHandler
                0x08002480       0x10 Application/User/stm32f4xx_it.o
                0x08002480                I2C1_EV_IRQHandler
 .text.I2C1_ER_IRQHandler
                0x08002490       0x10 Application/User/stm32f4xx_it.o
                0x08002490                I2C1_ER_IRQHandler
 .text.USART2_IRQHandler
                0x080024a0       0x10 Application/User/stm32f4xx_it.o
                0x080024a0                USART2_IRQHandler
 .text.USART6_IRQHandler
                0x080024b0       0x10 Application/User/stm32f4xx_it.o
                0x080024b0                USART6_IRQHandler
 .text.SystemInit
                0x080024c0       0x1c Drivers/CMSIS/system_stm32f4xx.o
                0x080024c0                SystemInit
 .text.HAL_InitTick
                0x080024dc       0x48 Drivers/STM32F4xx_HAL_Driver/stm32f4xx_hal.o
                0x080024dc                HAL_InitTick
 .text.HAL_Init
                0x08002524       0x34 Drivers/STM32F4xx_HAL_Driver/stm32f4xx_hal.o
                0x08002524                HAL_Init
 .text.HAL_IncTick
                0x08002558       0x18 Drivers/STM32F4xx_HAL_Driver/stm32f4xx_hal.o
                0x08002558                HAL_IncTick
 .text.HAL_GetTick
                0x08002570        0xc Drivers/STM32F4xx_HAL_Driver/stm32f4xx_hal.o
                0x08002570                HAL_GetTick
 .text.HAL_Delay
                0x0800257c       0x28 Drivers/STM32F4xx_HAL_Driver/stm32f4xx_hal.o
                0x0800257c                HAL_Delay
 .text.HAL_NVIC_SetPriorityGrouping
                0x080025a4       0x24 Drivers/STM32F4xx_HAL_Driver/stm32f4xx_hal_cortex.o
                0x080025a4                HAL_NVIC_SetPriorityGrouping
 .text.HAL_NVIC_SetPriority
                0x080025c8       0x68 Drivers/STM32F4xx_HAL_Driver/stm32f4xx_hal_cortex.o
                0x080025c8                HAL_NVIC_SetPriority
 .text.HAL_NVIC_EnableIRQ
                0x08002630       0x1c Drivers/STM32F4xx_HAL_Driver/stm32f4xx_hal_cortex.o
                0x08002630                HAL_NVIC_EnableIRQ
 .text.HAL_SYSTICK_Config
                0x0800264c       0x2c Drivers/STM32F4xx_HAL_Driver/stm32f4xx_hal_cortex.o
                0x0800264c                HAL_SYSTICK_Config
 .text.HAL_DMA_Abort_IT
                0x08002678       0x26 Drivers/STM32F4xx_HAL_Driver/stm32f4xx_hal_dma.o
                0x08002678                HAL_DMA_Abort_IT
 .text.HAL_DMA_GetState
                0x0800269e        0x6 Drivers/STM32F4xx_HAL_Driver/stm32f4xx_hal_dma.o
                0x0800269e                HAL_DMA_GetState
 .text.HAL_GPIO_Init
                0x080026a4      0x1a4 Drivers/STM32F4xx_HAL_Driver/stm32f4xx_hal_gpio.o
                0x080026a4                HAL_GPIO_Init
 .text.HAL_GPIO_WritePin
                0x08002848        0xc Drivers/STM32F4xx_HAL_Driver/stm32f4xx_hal_gpio.o
                0x08002848                HAL_GPIO_WritePin
 .text.HAL_GPIO_TogglePin
                0x08002854       0x12 Drivers/STM32F4xx_HAL_Driver/stm32f4xx_hal_gpio.o
                0x08002854                HAL_GPIO_TogglePin
 *fill*         0x08002866        0x2 
 .text.HAL_GPIO_EXTI_IRQHandler
                0x08002868       0x1c Drivers/STM32F4xx_HAL_Driver/stm32f4xx_hal_gpio.o
                0x08002868                HAL_GPIO_EXTI_IRQHandler
 .text.I2C_MemoryTransmit_TXE_BTF
                0x08002884       0x82 Drivers/STM32F4xx_HAL_Driver/stm32f4xx_hal_i2c.o
 .text.I2C_Master_SB
                0x08002906       0xaa Drivers/STM32F4xx_HAL_Driver/stm32f4xx_hal_i2c.o
 .text.I2C_Master_ADD10
                0x080029b0       0x2e Drivers/STM32F4xx_HAL_Driver/stm32f4xx_hal_i2c.o
 .text.I2C_Master_ADDR
                0x080029de      0x206 Drivers/STM32F4xx_HAL_Driver/stm32f4xx_hal_i2c.o
 .text.I2C_SlaveTransmit_BTF
                0x08002be4       0x1e Drivers/STM32F4xx_HAL_Driver/stm32f4xx_hal_i2c.o
 .text.I2C_SlaveReceive_BTF
                0x08002c02       0x1e Drivers/STM32F4xx_HAL_Driver/stm32f4xx_hal_i2c.o
 .text.I2C_IsAcknowledgeFailed
                0x08002c20       0x32 Drivers/STM32F4xx_HAL_Driver/stm32f4xx_hal_i2c.o
 .text.I2C_ConvertOtherXferOptions
                0x08002c52       0x1e Drivers/STM32F4xx_HAL_Driver/stm32f4xx_hal_i2c.o
 .text.I2C_WaitOnFlagUntilTimeout
                0x08002c70       0x70 Drivers/STM32F4xx_HAL_Driver/stm32f4xx_hal_i2c.o
 .text.I2C_WaitOnMasterAddressFlagUntilTimeout
                0x08002ce0       0xa4 Drivers/STM32F4xx_HAL_Driver/stm32f4xx_hal_i2c.o
 .text.I2C_WaitOnTXEFlagUntilTimeout
                0x08002d84       0x54 Drivers/STM32F4xx_HAL_Driver/stm32f4xx_hal_i2c.o
 .text.I2C_RequestMemoryWrite
                0x08002dd8       0xdc Drivers/STM32F4xx_HAL_Driver/stm32f4xx_hal_i2c.o
 .text.I2C_RequestMemoryRead
                0x08002eb4      0x160 Drivers/STM32F4xx_HAL_Driver/stm32f4xx_hal_i2c.o
 .text.I2C_WaitOnBTFFlagUntilTimeout
                0x08003014       0x54 Drivers/STM32F4xx_HAL_Driver/stm32f4xx_hal_i2c.o
 .text.I2C_WaitOnRXNEFlagUntilTimeout
                0x08003068       0x6a Drivers/STM32F4xx_HAL_Driver/stm32f4xx_hal_i2c.o
 *fill*         0x080030d2        0x2 
 .text.HAL_I2C_Init
                0x080030d4      0x1b4 Drivers/STM32F4xx_HAL_Driver/stm32f4xx_hal_i2c.o
                0x080030d4                HAL_I2C_Init
 .text.HAL_I2C_Mem_Write
                0x08003288      0x168 Drivers/STM32F4xx_HAL_Driver/stm32f4xx_hal_i2c.o
                0x08003288                HAL_I2C_Mem_Write
 .text.HAL_I2C_Mem_Read
                0x080033f0      0x2d0 Drivers/STM32F4xx_HAL_Driver/stm32f4xx_hal_i2c.o
                0x080033f0                HAL_I2C_Mem_Read
 .text.HAL_I2C_MasterTxCpltCallback
                0x080036c0        0x2 Drivers/STM32F4xx_HAL_Driver/stm32f4xx_hal_i2c.o
                0x080036c0                HAL_I2C_MasterTxCpltCallback
 .text.HAL_I2C_MasterRxCpltCallback
                0x080036c2        0x2 Drivers/STM32F4xx_HAL_Driver/stm32f4xx_hal_i2c.o
                0x080036c2                HAL_I2C_MasterRxCpltCallback
 .text.HAL_I2C_SlaveTxCpltCallback
                0x080036c4        0x2 Drivers/STM32F4xx_HAL_Driver/stm32f4xx_hal_i2c.o
                0x080036c4                HAL_I2C_SlaveTxCpltCallback
 .text.I2C_SlaveTransmit_TXE
                0x080036c6       0x4a Drivers/STM32F4xx_HAL_Driver/stm32f4xx_hal_i2c.o
 .text.HAL_I2C_SlaveRxCpltCallback
                0x08003710        0x2 Drivers/STM32F4xx_HAL_Driver/stm32f4xx_hal_i2c.o
                0x08003710                HAL_I2C_SlaveRxCpltCallback
 .text.I2C_SlaveReceive_RXNE
                0x08003712       0x4a Drivers/STM32F4xx_HAL_Driver/stm32f4xx_hal_i2c.o
 .text.HAL_I2C_AddrCallback
                0x0800375c        0x2 Drivers/STM32F4xx_HAL_Driver/stm32f4xx_hal_i2c.o
                0x0800375c                HAL_I2C_AddrCallback
 .text.I2C_Slave_ADDR
                0x0800375e       0x4e Drivers/STM32F4xx_HAL_Driver/stm32f4xx_hal_i2c.o
 .text.HAL_I2C_ListenCpltCallback
                0x080037ac        0x2 Drivers/STM32F4xx_HAL_Driver/stm32f4xx_hal_i2c.o
                0x080037ac                HAL_I2C_ListenCpltCallback
 *fill*         0x080037ae        0x2 
 .text.I2C_Slave_AF
                0x080037b0       0x94 Drivers/STM32F4xx_HAL_Driver/stm32f4xx_hal_i2c.o
 .text.HAL_I2C_MemTxCpltCallback
                0x08003844        0x2 Drivers/STM32F4xx_HAL_Driver/stm32f4xx_hal_i2c.o
                0x08003844                HAL_I2C_MemTxCpltCallback
 .text.I2C_MasterTransmit_TXE
                0x08003846       0xce Drivers/STM32F4xx_HAL_Driver/stm32f4xx_hal_i2c.o
 .text.I2C_MasterTransmit_BTF
                0x08003914       0xac Drivers/STM32F4xx_HAL_Driver/stm32f4xx_hal_i2c.o
 .text.HAL_I2C_MemRxCpltCallback
                0x080039c0        0x2 Drivers/STM32F4xx_HAL_Driver/stm32f4xx_hal_i2c.o
                0x080039c0                HAL_I2C_MemRxCpltCallback
 .text.I2C_MasterReceive_RXNE
                0x080039c2       0xa2 Drivers/STM32F4xx_HAL_Driver/stm32f4xx_hal_i2c.o
 .text.I2C_MasterReceive_BTF
                0x08003a64      0x11e Drivers/STM32F4xx_HAL_Driver/stm32f4xx_hal_i2c.o
 .text.HAL_I2C_ErrorCallback
                0x08003b82        0x2 Drivers/STM32F4xx_HAL_Driver/stm32f4xx_hal_i2c.o
                0x08003b82                HAL_I2C_ErrorCallback
 .text.HAL_I2C_AbortCpltCallback
                0x08003b84        0x2 Drivers/STM32F4xx_HAL_Driver/stm32f4xx_hal_i2c.o
                0x08003b84                HAL_I2C_AbortCpltCallback
 .text.I2C_DMAAbort
                0x08003b86       0x9a Drivers/STM32F4xx_HAL_Driver/stm32f4xx_hal_i2c.o
 .text.I2C_ITError
                0x08003c20      0x170 Drivers/STM32F4xx_HAL_Driver/stm32f4xx_hal_i2c.o
 .text.I2C_Slave_STOPF
                0x08003d90      0x188 Drivers/STM32F4xx_HAL_Driver/stm32f4xx_hal_i2c.o
 .text.HAL_I2C_EV_IRQHandler
                0x08003f18      0x18c Drivers/STM32F4xx_HAL_Driver/stm32f4xx_hal_i2c.o
                0x08003f18                HAL_I2C_EV_IRQHandler
 .text.HAL_I2C_ER_IRQHandler
                0x080040a4       0xc4 Drivers/STM32F4xx_HAL_Driver/stm32f4xx_hal_i2c.o
                0x080040a4                HAL_I2C_ER_IRQHandler
 .text.HAL_RCC_OscConfig
                0x08004168      0x3ec Drivers/STM32F4xx_HAL_Driver/stm32f4xx_hal_rcc.o
                0x08004168                HAL_RCC_OscConfig
 .text.HAL_RCC_GetSysClockFreq
                0x08004554       0xd8 Drivers/STM32F4xx_HAL_Driver/stm32f4xx_hal_rcc.o
                0x08004554                HAL_RCC_GetSysClockFreq
 .text.HAL_RCC_ClockConfig
                0x0800462c      0x160 Drivers/STM32F4xx_HAL_Driver/stm32f4xx_hal_rcc.o
                0x0800462c                HAL_RCC_ClockConfig
 .text.HAL_RCC_GetHCLKFreq
                0x0800478c        0xc Drivers/STM32F4xx_HAL_Driver/stm32f4xx_hal_rcc.o
                0x0800478c                HAL_RCC_GetHCLKFreq
 .text.HAL_RCC_GetPCLK1Freq
                0x08004798       0x20 Drivers/STM32F4xx_HAL_Driver/stm32f4xx_hal_rcc.o
                0x08004798                HAL_RCC_GetPCLK1Freq
 .text.HAL_RCC_GetPCLK2Freq
                0x080047b8       0x20 Drivers/STM32F4xx_HAL_Driver/stm32f4xx_hal_rcc.o
                0x080047b8                HAL_RCC_GetPCLK2Freq
 .text.HAL_RCCEx_PeriphCLKConfig
                0x080047d8      0x170 Drivers/STM32F4xx_HAL_Driver/stm32f4xx_hal_rcc_ex.o
                0x080047d8                HAL_RCCEx_PeriphCLKConfig
 .text.HAL_RTC_WaitForSynchro
                0x08004948       0x32 Drivers/STM32F4xx_HAL_Driver/stm32f4xx_hal_rtc.o
                0x08004948                HAL_RTC_WaitForSynchro
 .text.RTC_EnterInitMode
                0x0800497a       0x3c Drivers/STM32F4xx_HAL_Driver/stm32f4xx_hal_rtc.o
                0x0800497a                RTC_EnterInitMode
 .text.HAL_RTC_Init
                0x080049b6       0xc4 Drivers/STM32F4xx_HAL_Driver/stm32f4xx_hal_rtc.o
                0x080049b6                HAL_RTC_Init
 .text.RTC_ByteToBcd2
                0x08004a7a       0x16 Drivers/STM32F4xx_HAL_Driver/stm32f4xx_hal_rtc.o
                0x08004a7a                RTC_ByteToBcd2
 .text.HAL_RTC_SetTime
                0x08004a90       0xfe Drivers/STM32F4xx_HAL_Driver/stm32f4xx_hal_rtc.o
                0x08004a90                HAL_RTC_SetTime
 .text.HAL_RTC_SetDate
                0x08004b8e       0xda Drivers/STM32F4xx_HAL_Driver/stm32f4xx_hal_rtc.o
                0x08004b8e                HAL_RTC_SetDate
 .text.RTC_Bcd2ToByte
                0x08004c68       0x12 Drivers/STM32F4xx_HAL_Driver/stm32f4xx_hal_rtc.o
                0x08004c68                RTC_Bcd2ToByte
 .text.HAL_RTC_GetTime
                0x08004c7a       0x56 Drivers/STM32F4xx_HAL_Driver/stm32f4xx_hal_rtc.o
                0x08004c7a                HAL_RTC_GetTime
 .text.HAL_RTC_GetDate
                0x08004cd0       0x42 Drivers/STM32F4xx_HAL_Driver/stm32f4xx_hal_rtc.o
                0x08004cd0                HAL_RTC_GetDate
 .text.HAL_TIM_Base_Start_IT
                0x08004d12       0x22 Drivers/STM32F4xx_HAL_Driver/stm32f4xx_hal_tim.o
                0x08004d12                HAL_TIM_Base_Start_IT
 .text.HAL_TIM_OC_DelayElapsedCallback
                0x08004d34        0x2 Drivers/STM32F4xx_HAL_Driver/stm32f4xx_hal_tim.o
                0x08004d34                HAL_TIM_OC_DelayElapsedCallback
 .text.HAL_TIM_IC_CaptureCallback
                0x08004d36        0x2 Drivers/STM32F4xx_HAL_Driver/stm32f4xx_hal_tim.o
                0x08004d36                HAL_TIM_IC_CaptureCallback
 .text.HAL_TIM_PWM_PulseFinishedCallback
                0x08004d38        0x2 Drivers/STM32F4xx_HAL_Driver/stm32f4xx_hal_tim.o
                0x08004d38                HAL_TIM_PWM_PulseFinishedCallback
 .text.HAL_TIM_TriggerCallback
                0x08004d3a        0x2 Drivers/STM32F4xx_HAL_Driver/stm32f4xx_hal_tim.o
                0x08004d3a                HAL_TIM_TriggerCallback
 .text.HAL_TIM_IRQHandler
                0x08004d3c      0x17a Drivers/STM32F4xx_HAL_Driver/stm32f4xx_hal_tim.o
                0x08004d3c                HAL_TIM_IRQHandler
 *fill*         0x08004eb6        0x2 
 .text.TIM_Base_SetConfig
                0x08004eb8       0x9c Drivers/STM32F4xx_HAL_Driver/stm32f4xx_hal_tim.o
                0x08004eb8                TIM_Base_SetConfig
 .text.HAL_TIM_Base_Init
                0x08004f54       0x32 Drivers/STM32F4xx_HAL_Driver/stm32f4xx_hal_tim.o
                0x08004f54                HAL_TIM_Base_Init
 .text.HAL_TIMEx_CommutCallback
                0x08004f86        0x2 Drivers/STM32F4xx_HAL_Driver/stm32f4xx_hal_tim_ex.o
                0x08004f86                HAL_TIMEx_CommutCallback
 .text.HAL_TIMEx_BreakCallback
                0x08004f88        0x2 Drivers/STM32F4xx_HAL_Driver/stm32f4xx_hal_tim_ex.o
                0x08004f88                HAL_TIMEx_BreakCallback
 .text.UART_EndRxTransfer
                0x08004f8a       0x1c Drivers/STM32F4xx_HAL_Driver/stm32f4xx_hal_uart.o
 .text.UART_Transmit_IT
                0x08004fa6       0x68 Drivers/STM32F4xx_HAL_Driver/stm32f4xx_hal_uart.o
 *fill*         0x0800500e        0x2 
 .text.UART_SetConfig
                0x08005010      0x218 Drivers/STM32F4xx_HAL_Driver/stm32f4xx_hal_uart.o
 .text.UART_WaitOnFlagUntilTimeout
                0x08005228       0x62 Drivers/STM32F4xx_HAL_Driver/stm32f4xx_hal_uart.o
 .text.HAL_UART_Init
                0x0800528a       0x5e Drivers/STM32F4xx_HAL_Driver/stm32f4xx_hal_uart.o
                0x0800528a                HAL_UART_Init
 .text.HAL_UART_Transmit
                0x080052e8       0xe2 Drivers/STM32F4xx_HAL_Driver/stm32f4xx_hal_uart.o
                0x080052e8                HAL_UART_Transmit
 .text.HAL_UART_Receive
                0x080053ca       0xe8 Drivers/STM32F4xx_HAL_Driver/stm32f4xx_hal_uart.o
                0x080053ca                HAL_UART_Receive
 .text.HAL_UART_Transmit_IT
                0x080054b2       0x48 Drivers/STM32F4xx_HAL_Driver/stm32f4xx_hal_uart.o
                0x080054b2                HAL_UART_Transmit_IT
 .text.HAL_UART_TxCpltCallback
                0x080054fa        0x2 Drivers/STM32F4xx_HAL_Driver/stm32f4xx_hal_uart.o
                0x080054fa                HAL_UART_TxCpltCallback
 .text.UART_EndTransmit_IT
                0x080054fc       0x1a Drivers/STM32F4xx_HAL_Driver/stm32f4xx_hal_uart.o
 .text.HAL_UART_RxCpltCallback
                0x08005516        0x2 Drivers/STM32F4xx_HAL_Driver/stm32f4xx_hal_uart.o
                0x08005516                HAL_UART_RxCpltCallback
 .text.UART_Receive_IT
                0x08005518       0x9c Drivers/STM32F4xx_HAL_Driver/stm32f4xx_hal_uart.o
 .text.HAL_UART_ErrorCallback
                0x080055b4        0x2 Drivers/STM32F4xx_HAL_Driver/stm32f4xx_hal_uart.o
                0x080055b4                HAL_UART_ErrorCallback
 *fill*         0x080055b6        0x2 
 .text.HAL_UART_IRQHandler
                0x080055b8      0x128 Drivers/STM32F4xx_HAL_Driver/stm32f4xx_hal_uart.o
                0x080055b8                HAL_UART_IRQHandler
 .text.UART_DMAAbortOnError
                0x080056e0       0x10 Drivers/STM32F4xx_HAL_Driver/stm32f4xx_hal_uart.o
 .text.cos      0x080056f0       0xc0 d:/programy/swstm32/plugins/fr.ac6.mcu.externaltools.arm-none.win32_1.17.0.201812190825/tools/compiler/bin/../lib/gcc/arm-none-eabi/7.3.1/../../../../arm-none-eabi/lib/thumb/v7e-m/fpv4-sp/hard\libm.a(lib_a-s_cos.o)
                0x080056f0                cos
 .text.sin      0x080057b0       0xc0 d:/programy/swstm32/plugins/fr.ac6.mcu.externaltools.arm-none.win32_1.17.0.201812190825/tools/compiler/bin/../lib/gcc/arm-none-eabi/7.3.1/../../../../arm-none-eabi/lib/thumb/v7e-m/fpv4-sp/hard\libm.a(lib_a-s_sin.o)
                0x080057b0                sin
 .text.atan2    0x08005870        0x4 d:/programy/swstm32/plugins/fr.ac6.mcu.externaltools.arm-none.win32_1.17.0.201812190825/tools/compiler/bin/../lib/gcc/arm-none-eabi/7.3.1/../../../../arm-none-eabi/lib/thumb/v7e-m/fpv4-sp/hard\libm.a(lib_a-w_atan2.o)
                0x08005870                atan2
 *fill*         0x08005874        0x4 
 .text.pow      0x08005878      0x338 d:/programy/swstm32/plugins/fr.ac6.mcu.externaltools.arm-none.win32_1.17.0.201812190825/tools/compiler/bin/../lib/gcc/arm-none-eabi/7.3.1/../../../../arm-none-eabi/lib/thumb/v7e-m/fpv4-sp/hard\libm.a(lib_a-w_pow.o)
                0x08005878                pow
 .text.sqrt     0x08005bb0       0xb8 d:/programy/swstm32/plugins/fr.ac6.mcu.externaltools.arm-none.win32_1.17.0.201812190825/tools/compiler/bin/../lib/gcc/arm-none-eabi/7.3.1/../../../../arm-none-eabi/lib/thumb/v7e-m/fpv4-sp/hard\libm.a(lib_a-w_sqrt.o)
                0x08005bb0                sqrt
 .text.__ieee754_atan2
                0x08005c68      0x1c4 d:/programy/swstm32/plugins/fr.ac6.mcu.externaltools.arm-none.win32_1.17.0.201812190825/tools/compiler/bin/../lib/gcc/arm-none-eabi/7.3.1/../../../../arm-none-eabi/lib/thumb/v7e-m/fpv4-sp/hard\libm.a(lib_a-e_atan2.o)
                0x08005c68                __ieee754_atan2
 *fill*         0x08005e2c        0x4 
 .text.__ieee754_pow
                0x08005e30      0xab8 d:/programy/swstm32/plugins/fr.ac6.mcu.externaltools.arm-none.win32_1.17.0.201812190825/tools/compiler/bin/../lib/gcc/arm-none-eabi/7.3.1/../../../../arm-none-eabi/lib/thumb/v7e-m/fpv4-sp/hard\libm.a(lib_a-e_pow.o)
                0x08005e30                __ieee754_pow
 .text.__ieee754_rem_pio2
                0x080068e8      0x454 d:/programy/swstm32/plugins/fr.ac6.mcu.externaltools.arm-none.win32_1.17.0.201812190825/tools/compiler/bin/../lib/gcc/arm-none-eabi/7.3.1/../../../../arm-none-eabi/lib/thumb/v7e-m/fpv4-sp/hard\libm.a(lib_a-e_rem_pio2.o)
                0x080068e8                __ieee754_rem_pio2
 .text.__ieee754_sqrt
                0x08006d3c      0x194 d:/programy/swstm32/plugins/fr.ac6.mcu.externaltools.arm-none.win32_1.17.0.201812190825/tools/compiler/bin/../lib/gcc/arm-none-eabi/7.3.1/../../../../arm-none-eabi/lib/thumb/v7e-m/fpv4-sp/hard\libm.a(lib_a-e_sqrt.o)
                0x08006d3c                __ieee754_sqrt
 .text.__kernel_cos
                0x08006ed0      0x284 d:/programy/swstm32/plugins/fr.ac6.mcu.externaltools.arm-none.win32_1.17.0.201812190825/tools/compiler/bin/../lib/gcc/arm-none-eabi/7.3.1/../../../../arm-none-eabi/lib/thumb/v7e-m/fpv4-sp/hard\libm.a(lib_a-k_cos.o)
                0x08006ed0                __kernel_cos
 *fill*         0x08007154        0x4 
 .text.__kernel_rem_pio2
                0x08007158      0x818 d:/programy/swstm32/plugins/fr.ac6.mcu.externaltools.arm-none.win32_1.17.0.201812190825/tools/compiler/bin/../lib/gcc/arm-none-eabi/7.3.1/../../../../arm-none-eabi/lib/thumb/v7e-m/fpv4-sp/hard\libm.a(lib_a-k_rem_pio2.o)
                0x08007158                __kernel_rem_pio2
 .text.__kernel_sin
                0x08007970      0x194 d:/programy/swstm32/plugins/fr.ac6.mcu.externaltools.arm-none.win32_1.17.0.201812190825/tools/compiler/bin/../lib/gcc/arm-none-eabi/7.3.1/../../../../arm-none-eabi/lib/thumb/v7e-m/fpv4-sp/hard\libm.a(lib_a-k_sin.o)
                0x08007970                __kernel_sin
 *fill*         0x08007b04        0x4 
 .text.atan     0x08007b08      0x358 d:/programy/swstm32/plugins/fr.ac6.mcu.externaltools.arm-none.win32_1.17.0.201812190825/tools/compiler/bin/../lib/gcc/arm-none-eabi/7.3.1/../../../../arm-none-eabi/lib/thumb/v7e-m/fpv4-sp/hard\libm.a(lib_a-s_atan.o)
                0x08007b08                atan
 .text.fabs     0x08007e60       0x14 d:/programy/swstm32/plugins/fr.ac6.mcu.externaltools.arm-none.win32_1.17.0.201812190825/tools/compiler/bin/../lib/gcc/arm-none-eabi/7.3.1/../../../../arm-none-eabi/lib/thumb/v7e-m/fpv4-sp/hard\libm.a(lib_a-s_fabs.o)
                0x08007e60                fabs
 .text.finite   0x08007e74       0x10 d:/programy/swstm32/plugins/fr.ac6.mcu.externaltools.arm-none.win32_1.17.0.201812190825/tools/compiler/bin/../lib/gcc/arm-none-eabi/7.3.1/../../../../arm-none-eabi/lib/thumb/v7e-m/fpv4-sp/hard\libm.a(lib_a-s_finite.o)
                0x08007e74                finite
 *fill*         0x08007e84        0x4 
 .text.floor    0x08007e88      0x110 d:/programy/swstm32/plugins/fr.ac6.mcu.externaltools.arm-none.win32_1.17.0.201812190825/tools/compiler/bin/../lib/gcc/arm-none-eabi/7.3.1/../../../../arm-none-eabi/lib/thumb/v7e-m/fpv4-sp/hard\libm.a(lib_a-s_floor.o)
                0x08007e88                floor
 .text.matherr  0x08007f98        0x4 d:/programy/swstm32/plugins/fr.ac6.mcu.externaltools.arm-none.win32_1.17.0.201812190825/tools/compiler/bin/../lib/gcc/arm-none-eabi/7.3.1/../../../../arm-none-eabi/lib/thumb/v7e-m/fpv4-sp/hard\libm.a(lib_a-s_matherr.o)
                0x08007f98                matherr
 *fill*         0x08007f9c        0x4 
 .text.nan      0x08007fa0       0x10 d:/programy/swstm32/plugins/fr.ac6.mcu.externaltools.arm-none.win32_1.17.0.201812190825/tools/compiler/bin/../lib/gcc/arm-none-eabi/7.3.1/../../../../arm-none-eabi/lib/thumb/v7e-m/fpv4-sp/hard\libm.a(lib_a-s_nan.o)
                0x08007fa0                nan
 .text.rint     0x08007fb0      0x110 d:/programy/swstm32/plugins/fr.ac6.mcu.externaltools.arm-none.win32_1.17.0.201812190825/tools/compiler/bin/../lib/gcc/arm-none-eabi/7.3.1/../../../../arm-none-eabi/lib/thumb/v7e-m/fpv4-sp/hard\libm.a(lib_a-s_rint.o)
                0x08007fb0                rint
 .text.scalbn   0x080080c0      0x114 d:/programy/swstm32/plugins/fr.ac6.mcu.externaltools.arm-none.win32_1.17.0.201812190825/tools/compiler/bin/../lib/gcc/arm-none-eabi/7.3.1/../../../../arm-none-eabi/lib/thumb/v7e-m/fpv4-sp/hard\libm.a(lib_a-s_scalbn.o)
                0x080080c0                scalbn
 .text.copysign
                0x080081d4       0x1c d:/programy/swstm32/plugins/fr.ac6.mcu.externaltools.arm-none.win32_1.17.0.201812190825/tools/compiler/bin/../lib/gcc/arm-none-eabi/7.3.1/../../../../arm-none-eabi/lib/thumb/v7e-m/fpv4-sp/hard\libm.a(lib_a-s_copysign.o)
                0x080081d4                copysign
 .text.__errno  0x080081f0        0xc d:/programy/swstm32/plugins/fr.ac6.mcu.externaltools.arm-none.win32_1.17.0.201812190825/tools/compiler/bin/../lib/gcc/arm-none-eabi/7.3.1/../../../../arm-none-eabi/lib/thumb/v7e-m/fpv4-sp/hard\libc_nano.a(lib_a-errno.o)
                0x080081f0                __errno
 .text.__libc_init_array
                0x080081fc       0x48 d:/programy/swstm32/plugins/fr.ac6.mcu.externaltools.arm-none.win32_1.17.0.201812190825/tools/compiler/bin/../lib/gcc/arm-none-eabi/7.3.1/../../../../arm-none-eabi/lib/thumb/v7e-m/fpv4-sp/hard\libc_nano.a(lib_a-init.o)
                0x080081fc                __libc_init_array
 .text.memset   0x08008244       0x10 d:/programy/swstm32/plugins/fr.ac6.mcu.externaltools.arm-none.win32_1.17.0.201812190825/tools/compiler/bin/../lib/gcc/arm-none-eabi/7.3.1/../../../../arm-none-eabi/lib/thumb/v7e-m/fpv4-sp/hard\libc_nano.a(lib_a-memset.o)
                0x08008244                memset
 .text.__cvt    0x08008254       0xc2 d:/programy/swstm32/plugins/fr.ac6.mcu.externaltools.arm-none.win32_1.17.0.201812190825/tools/compiler/bin/../lib/gcc/arm-none-eabi/7.3.1/../../../../arm-none-eabi/lib/thumb/v7e-m/fpv4-sp/hard\libc_nano.a(lib_a-nano-vfprintf_float.o)
                0x08008254                __cvt
 .text.__exponent
                0x08008316       0x66 d:/programy/swstm32/plugins/fr.ac6.mcu.externaltools.arm-none.win32_1.17.0.201812190825/tools/compiler/bin/../lib/gcc/arm-none-eabi/7.3.1/../../../../arm-none-eabi/lib/thumb/v7e-m/fpv4-sp/hard\libc_nano.a(lib_a-nano-vfprintf_float.o)
                0x08008316                __exponent
 .text._printf_float
                0x0800837c      0x480 d:/programy/swstm32/plugins/fr.ac6.mcu.externaltools.arm-none.win32_1.17.0.201812190825/tools/compiler/bin/../lib/gcc/arm-none-eabi/7.3.1/../../../../arm-none-eabi/lib/thumb/v7e-m/fpv4-sp/hard\libc_nano.a(lib_a-nano-vfprintf_float.o)
                0x0800837c                _printf_float
 .text._printf_common
                0x080087fc       0xea d:/programy/swstm32/plugins/fr.ac6.mcu.externaltools.arm-none.win32_1.17.0.201812190825/tools/compiler/bin/../lib/gcc/arm-none-eabi/7.3.1/../../../../arm-none-eabi/lib/thumb/v7e-m/fpv4-sp/hard\libc_nano.a(lib_a-nano-vfprintf_i.o)
                0x080087fc                _printf_common
 *fill*         0x080088e6        0x2 
 .text._printf_i
                0x080088e8      0x224 d:/programy/swstm32/plugins/fr.ac6.mcu.externaltools.arm-none.win32_1.17.0.201812190825/tools/compiler/bin/../lib/gcc/arm-none-eabi/7.3.1/../../../../arm-none-eabi/lib/thumb/v7e-m/fpv4-sp/hard\libc_nano.a(lib_a-nano-vfprintf_i.o)
                0x080088e8                _printf_i
 .text.printf   0x08008b0c       0x30 d:/programy/swstm32/plugins/fr.ac6.mcu.externaltools.arm-none.win32_1.17.0.201812190825/tools/compiler/bin/../lib/gcc/arm-none-eabi/7.3.1/../../../../arm-none-eabi/lib/thumb/v7e-m/fpv4-sp/hard\libc_nano.a(lib_a-printf.o)
                0x08008b0c                iprintf
                0x08008b0c                printf
 .text.sprintf  0x08008b3c       0x40 d:/programy/swstm32/plugins/fr.ac6.mcu.externaltools.arm-none.win32_1.17.0.201812190825/tools/compiler/bin/../lib/gcc/arm-none-eabi/7.3.1/../../../../arm-none-eabi/lib/thumb/v7e-m/fpv4-sp/hard\libc_nano.a(lib_a-sprintf.o)
                0x08008b3c                siprintf
                0x08008b3c                sprintf
 .text.quorem   0x08008b7c      0x118 d:/programy/swstm32/plugins/fr.ac6.mcu.externaltools.arm-none.win32_1.17.0.201812190825/tools/compiler/bin/../lib/gcc/arm-none-eabi/7.3.1/../../../../arm-none-eabi/lib/thumb/v7e-m/fpv4-sp/hard\libc_nano.a(lib_a-dtoa.o)
 *fill*         0x08008c94        0x4 
 .text._dtoa_r  0x08008c98      0xb70 d:/programy/swstm32/plugins/fr.ac6.mcu.externaltools.arm-none.win32_1.17.0.201812190825/tools/compiler/bin/../lib/gcc/arm-none-eabi/7.3.1/../../../../arm-none-eabi/lib/thumb/v7e-m/fpv4-sp/hard\libc_nano.a(lib_a-dtoa.o)
                0x08008c98                _dtoa_r
 .text.std      0x08009808       0x48 d:/programy/swstm32/plugins/fr.ac6.mcu.externaltools.arm-none.win32_1.17.0.201812190825/tools/compiler/bin/../lib/gcc/arm-none-eabi/7.3.1/../../../../arm-none-eabi/lib/thumb/v7e-m/fpv4-sp/hard\libc_nano.a(lib_a-findfp.o)
 .text._cleanup_r
                0x08009850        0xc d:/programy/swstm32/plugins/fr.ac6.mcu.externaltools.arm-none.win32_1.17.0.201812190825/tools/compiler/bin/../lib/gcc/arm-none-eabi/7.3.1/../../../../arm-none-eabi/lib/thumb/v7e-m/fpv4-sp/hard\libc_nano.a(lib_a-findfp.o)
                0x08009850                _cleanup_r
 .text.__sfmoreglue
                0x0800985c       0x2c d:/programy/swstm32/plugins/fr.ac6.mcu.externaltools.arm-none.win32_1.17.0.201812190825/tools/compiler/bin/../lib/gcc/arm-none-eabi/7.3.1/../../../../arm-none-eabi/lib/thumb/v7e-m/fpv4-sp/hard\libc_nano.a(lib_a-findfp.o)
                0x0800985c                __sfmoreglue
 .text.__sinit  0x08009888       0x60 d:/programy/swstm32/plugins/fr.ac6.mcu.externaltools.arm-none.win32_1.17.0.201812190825/tools/compiler/bin/../lib/gcc/arm-none-eabi/7.3.1/../../../../arm-none-eabi/lib/thumb/v7e-m/fpv4-sp/hard\libc_nano.a(lib_a-findfp.o)
                0x08009888                __sinit
 .text.__sfp    0x080098e8       0x78 d:/programy/swstm32/plugins/fr.ac6.mcu.externaltools.arm-none.win32_1.17.0.201812190825/tools/compiler/bin/../lib/gcc/arm-none-eabi/7.3.1/../../../../arm-none-eabi/lib/thumb/v7e-m/fpv4-sp/hard\libc_nano.a(lib_a-findfp.o)
                0x080098e8                __sfp
 .text._fwalk_reent
                0x08009960       0x3c d:/programy/swstm32/plugins/fr.ac6.mcu.externaltools.arm-none.win32_1.17.0.201812190825/tools/compiler/bin/../lib/gcc/arm-none-eabi/7.3.1/../../../../arm-none-eabi/lib/thumb/v7e-m/fpv4-sp/hard\libc_nano.a(lib_a-fwalk.o)
                0x08009960                _fwalk_reent
 .text._localeconv_r
                0x0800999c       0x1c d:/programy/swstm32/plugins/fr.ac6.mcu.externaltools.arm-none.win32_1.17.0.201812190825/tools/compiler/bin/../lib/gcc/arm-none-eabi/7.3.1/../../../../arm-none-eabi/lib/thumb/v7e-m/fpv4-sp/hard\libc_nano.a(lib_a-localeconv.o)
                0x0800999c                _localeconv_r
 .text.malloc   0x080099b8       0x10 d:/programy/swstm32/plugins/fr.ac6.mcu.externaltools.arm-none.win32_1.17.0.201812190825/tools/compiler/bin/../lib/gcc/arm-none-eabi/7.3.1/../../../../arm-none-eabi/lib/thumb/v7e-m/fpv4-sp/hard\libc_nano.a(lib_a-malloc.o)
                0x080099b8                malloc
 .text.memcpy   0x080099c8       0x16 d:/programy/swstm32/plugins/fr.ac6.mcu.externaltools.arm-none.win32_1.17.0.201812190825/tools/compiler/bin/../lib/gcc/arm-none-eabi/7.3.1/../../../../arm-none-eabi/lib/thumb/v7e-m/fpv4-sp/hard\libc_nano.a(lib_a-memcpy-stub.o)
                0x080099c8                memcpy
 .text._Balloc  0x080099de       0x68 d:/programy/swstm32/plugins/fr.ac6.mcu.externaltools.arm-none.win32_1.17.0.201812190825/tools/compiler/bin/../lib/gcc/arm-none-eabi/7.3.1/../../../../arm-none-eabi/lib/thumb/v7e-m/fpv4-sp/hard\libc_nano.a(lib_a-mprec.o)
                0x080099de                _Balloc
 .text._Bfree   0x08009a46       0x2e d:/programy/swstm32/plugins/fr.ac6.mcu.externaltools.arm-none.win32_1.17.0.201812190825/tools/compiler/bin/../lib/gcc/arm-none-eabi/7.3.1/../../../../arm-none-eabi/lib/thumb/v7e-m/fpv4-sp/hard\libc_nano.a(lib_a-mprec.o)
                0x08009a46                _Bfree
 .text.__multadd
                0x08009a74       0x76 d:/programy/swstm32/plugins/fr.ac6.mcu.externaltools.arm-none.win32_1.17.0.201812190825/tools/compiler/bin/../lib/gcc/arm-none-eabi/7.3.1/../../../../arm-none-eabi/lib/thumb/v7e-m/fpv4-sp/hard\libc_nano.a(lib_a-mprec.o)
                0x08009a74                __multadd
 .text.__hi0bits
                0x08009aea       0x3e d:/programy/swstm32/plugins/fr.ac6.mcu.externaltools.arm-none.win32_1.17.0.201812190825/tools/compiler/bin/../lib/gcc/arm-none-eabi/7.3.1/../../../../arm-none-eabi/lib/thumb/v7e-m/fpv4-sp/hard\libc_nano.a(lib_a-mprec.o)
                0x08009aea                __hi0bits
 .text.__lo0bits
                0x08009b28       0x5e d:/programy/swstm32/plugins/fr.ac6.mcu.externaltools.arm-none.win32_1.17.0.201812190825/tools/compiler/bin/../lib/gcc/arm-none-eabi/7.3.1/../../../../arm-none-eabi/lib/thumb/v7e-m/fpv4-sp/hard\libc_nano.a(lib_a-mprec.o)
                0x08009b28                __lo0bits
 .text.__i2b    0x08009b86       0x12 d:/programy/swstm32/plugins/fr.ac6.mcu.externaltools.arm-none.win32_1.17.0.201812190825/tools/compiler/bin/../lib/gcc/arm-none-eabi/7.3.1/../../../../arm-none-eabi/lib/thumb/v7e-m/fpv4-sp/hard\libc_nano.a(lib_a-mprec.o)
                0x08009b86                __i2b
 .text.__multiply
                0x08009b98      0x12c d:/programy/swstm32/plugins/fr.ac6.mcu.externaltools.arm-none.win32_1.17.0.201812190825/tools/compiler/bin/../lib/gcc/arm-none-eabi/7.3.1/../../../../arm-none-eabi/lib/thumb/v7e-m/fpv4-sp/hard\libc_nano.a(lib_a-mprec.o)
                0x08009b98                __multiply
 .text.__pow5mult
                0x08009cc4       0x9c d:/programy/swstm32/plugins/fr.ac6.mcu.externaltools.arm-none.win32_1.17.0.201812190825/tools/compiler/bin/../lib/gcc/arm-none-eabi/7.3.1/../../../../arm-none-eabi/lib/thumb/v7e-m/fpv4-sp/hard\libc_nano.a(lib_a-mprec.o)
                0x08009cc4                __pow5mult
 .text.__lshift
                0x08009d60       0xa8 d:/programy/swstm32/plugins/fr.ac6.mcu.externaltools.arm-none.win32_1.17.0.201812190825/tools/compiler/bin/../lib/gcc/arm-none-eabi/7.3.1/../../../../arm-none-eabi/lib/thumb/v7e-m/fpv4-sp/hard\libc_nano.a(lib_a-mprec.o)
                0x08009d60                __lshift
 .text.__mcmp   0x08009e08       0x34 d:/programy/swstm32/plugins/fr.ac6.mcu.externaltools.arm-none.win32_1.17.0.201812190825/tools/compiler/bin/../lib/gcc/arm-none-eabi/7.3.1/../../../../arm-none-eabi/lib/thumb/v7e-m/fpv4-sp/hard\libc_nano.a(lib_a-mprec.o)
                0x08009e08                __mcmp
 .text.__mdiff  0x08009e3c       0xba d:/programy/swstm32/plugins/fr.ac6.mcu.externaltools.arm-none.win32_1.17.0.201812190825/tools/compiler/bin/../lib/gcc/arm-none-eabi/7.3.1/../../../../arm-none-eabi/lib/thumb/v7e-m/fpv4-sp/hard\libc_nano.a(lib_a-mprec.o)
                0x08009e3c                __mdiff
 .text.__d2b    0x08009ef6       0x9e d:/programy/swstm32/plugins/fr.ac6.mcu.externaltools.arm-none.win32_1.17.0.201812190825/tools/compiler/bin/../lib/gcc/arm-none-eabi/7.3.1/../../../../arm-none-eabi/lib/thumb/v7e-m/fpv4-sp/hard\libc_nano.a(lib_a-mprec.o)
                0x08009ef6                __d2b
 .text._calloc_r
                0x08009f94       0x1c d:/programy/swstm32/plugins/fr.ac6.mcu.externaltools.arm-none.win32_1.17.0.201812190825/tools/compiler/bin/../lib/gcc/arm-none-eabi/7.3.1/../../../../arm-none-eabi/lib/thumb/v7e-m/fpv4-sp/hard\libc_nano.a(lib_a-nano-callocr.o)
                0x08009f94                _calloc_r
 .text._free_r  0x08009fb0       0x9c d:/programy/swstm32/plugins/fr.ac6.mcu.externaltools.arm-none.win32_1.17.0.201812190825/tools/compiler/bin/../lib/gcc/arm-none-eabi/7.3.1/../../../../arm-none-eabi/lib/thumb/v7e-m/fpv4-sp/hard\libc_nano.a(lib_a-nano-freer.o)
                0x08009fb0                _free_r
 .text._malloc_r
                0x0800a04c       0xb4 d:/programy/swstm32/plugins/fr.ac6.mcu.externaltools.arm-none.win32_1.17.0.201812190825/tools/compiler/bin/../lib/gcc/arm-none-eabi/7.3.1/../../../../arm-none-eabi/lib/thumb/v7e-m/fpv4-sp/hard\libc_nano.a(lib_a-nano-mallocr.o)
                0x0800a04c                _malloc_r
 .text.__ssputs_r
                0x0800a100       0xb4 d:/programy/swstm32/plugins/fr.ac6.mcu.externaltools.arm-none.win32_1.17.0.201812190825/tools/compiler/bin/../lib/gcc/arm-none-eabi/7.3.1/../../../../arm-none-eabi/lib/thumb/v7e-m/fpv4-sp/hard\libc_nano.a(lib_a-nano-svfprintf.o)
                0x0800a100                __ssputs_r
 .text._svfprintf_r
                0x0800a1b4      0x1f0 d:/programy/swstm32/plugins/fr.ac6.mcu.externaltools.arm-none.win32_1.17.0.201812190825/tools/compiler/bin/../lib/gcc/arm-none-eabi/7.3.1/../../../../arm-none-eabi/lib/thumb/v7e-m/fpv4-sp/hard\libc_nano.a(lib_a-nano-svfprintf.o)
                0x0800a1b4                _svfiprintf_r
                0x0800a1b4                _svfprintf_r
 .text.__sfputc_r
                0x0800a3a4       0x2e d:/programy/swstm32/plugins/fr.ac6.mcu.externaltools.arm-none.win32_1.17.0.201812190825/tools/compiler/bin/../lib/gcc/arm-none-eabi/7.3.1/../../../../arm-none-eabi/lib/thumb/v7e-m/fpv4-sp/hard\libc_nano.a(lib_a-nano-vfprintf.o)
 .text.__sfputs_r
                0x0800a3d2       0x24 d:/programy/swstm32/plugins/fr.ac6.mcu.externaltools.arm-none.win32_1.17.0.201812190825/tools/compiler/bin/../lib/gcc/arm-none-eabi/7.3.1/../../../../arm-none-eabi/lib/thumb/v7e-m/fpv4-sp/hard\libc_nano.a(lib_a-nano-vfprintf.o)
                0x0800a3d2                __sfputs_r
 *fill*         0x0800a3f6        0x2 
 .text._vfprintf_r
                0x0800a3f8      0x22c d:/programy/swstm32/plugins/fr.ac6.mcu.externaltools.arm-none.win32_1.17.0.201812190825/tools/compiler/bin/../lib/gcc/arm-none-eabi/7.3.1/../../../../arm-none-eabi/lib/thumb/v7e-m/fpv4-sp/hard\libc_nano.a(lib_a-nano-vfprintf.o)
                0x0800a3f8                _vfprintf_r
                0x0800a3f8                _vfiprintf_r
 .text._sbrk_r  0x0800a624       0x20 d:/programy/swstm32/plugins/fr.ac6.mcu.externaltools.arm-none.win32_1.17.0.201812190825/tools/compiler/bin/../lib/gcc/arm-none-eabi/7.3.1/../../../../arm-none-eabi/lib/thumb/v7e-m/fpv4-sp/hard\libc_nano.a(lib_a-sbrkr.o)
                0x0800a624                _sbrk_r
 .text.__sread  0x0800a644       0x22 d:/programy/swstm32/plugins/fr.ac6.mcu.externaltools.arm-none.win32_1.17.0.201812190825/tools/compiler/bin/../lib/gcc/arm-none-eabi/7.3.1/../../../../arm-none-eabi/lib/thumb/v7e-m/fpv4-sp/hard\libc_nano.a(lib_a-stdio.o)
                0x0800a644                __sread
 .text.__swrite
                0x0800a666       0x38 d:/programy/swstm32/plugins/fr.ac6.mcu.externaltools.arm-none.win32_1.17.0.201812190825/tools/compiler/bin/../lib/gcc/arm-none-eabi/7.3.1/../../../../arm-none-eabi/lib/thumb/v7e-m/fpv4-sp/hard\libc_nano.a(lib_a-stdio.o)
                0x0800a666                __swrite
 .text.__sseek  0x0800a69e       0x24 d:/programy/swstm32/plugins/fr.ac6.mcu.externaltools.arm-none.win32_1.17.0.201812190825/tools/compiler/bin/../lib/gcc/arm-none-eabi/7.3.1/../../../../arm-none-eabi/lib/thumb/v7e-m/fpv4-sp/hard\libc_nano.a(lib_a-stdio.o)
                0x0800a69e                __sseek
 .text.__sclose
                0x0800a6c2        0x8 d:/programy/swstm32/plugins/fr.ac6.mcu.externaltools.arm-none.win32_1.17.0.201812190825/tools/compiler/bin/../lib/gcc/arm-none-eabi/7.3.1/../../../../arm-none-eabi/lib/thumb/v7e-m/fpv4-sp/hard\libc_nano.a(lib_a-stdio.o)
                0x0800a6c2                __sclose
 *fill*         0x0800a6ca        0x2 
 .text.__swbuf_r
                0x0800a6cc       0xa4 d:/programy/swstm32/plugins/fr.ac6.mcu.externaltools.arm-none.win32_1.17.0.201812190825/tools/compiler/bin/../lib/gcc/arm-none-eabi/7.3.1/../../../../arm-none-eabi/lib/thumb/v7e-m/fpv4-sp/hard\libc_nano.a(lib_a-wbuf.o)
                0x0800a6cc                __swbuf_r
 .text._write_r
                0x0800a770       0x24 d:/programy/swstm32/plugins/fr.ac6.mcu.externaltools.arm-none.win32_1.17.0.201812190825/tools/compiler/bin/../lib/gcc/arm-none-eabi/7.3.1/../../../../arm-none-eabi/lib/thumb/v7e-m/fpv4-sp/hard\libc_nano.a(lib_a-writer.o)
                0x0800a770                _write_r
 .text.__swsetup_r
                0x0800a794       0xdc d:/programy/swstm32/plugins/fr.ac6.mcu.externaltools.arm-none.win32_1.17.0.201812190825/tools/compiler/bin/../lib/gcc/arm-none-eabi/7.3.1/../../../../arm-none-eabi/lib/thumb/v7e-m/fpv4-sp/hard\libc_nano.a(lib_a-wsetup.o)
                0x0800a794                __swsetup_r
 .text._close_r
                0x0800a870       0x20 d:/programy/swstm32/plugins/fr.ac6.mcu.externaltools.arm-none.win32_1.17.0.201812190825/tools/compiler/bin/../lib/gcc/arm-none-eabi/7.3.1/../../../../arm-none-eabi/lib/thumb/v7e-m/fpv4-sp/hard\libc_nano.a(lib_a-closer.o)
                0x0800a870                _close_r
 .text.__sflush_r
                0x0800a890      0x10c d:/programy/swstm32/plugins/fr.ac6.mcu.externaltools.arm-none.win32_1.17.0.201812190825/tools/compiler/bin/../lib/gcc/arm-none-eabi/7.3.1/../../../../arm-none-eabi/lib/thumb/v7e-m/fpv4-sp/hard\libc_nano.a(lib_a-fflush.o)
                0x0800a890                __sflush_r
 .text._fflush_r
                0x0800a99c       0x54 d:/programy/swstm32/plugins/fr.ac6.mcu.externaltools.arm-none.win32_1.17.0.201812190825/tools/compiler/bin/../lib/gcc/arm-none-eabi/7.3.1/../../../../arm-none-eabi/lib/thumb/v7e-m/fpv4-sp/hard\libc_nano.a(lib_a-fflush.o)
                0x0800a99c                _fflush_r
 .text._lseek_r
                0x0800a9f0       0x24 d:/programy/swstm32/plugins/fr.ac6.mcu.externaltools.arm-none.win32_1.17.0.201812190825/tools/compiler/bin/../lib/gcc/arm-none-eabi/7.3.1/../../../../arm-none-eabi/lib/thumb/v7e-m/fpv4-sp/hard\libc_nano.a(lib_a-lseekr.o)
                0x0800a9f0                _lseek_r
 .text.__swhatbuf_r
                0x0800aa14       0x48 d:/programy/swstm32/plugins/fr.ac6.mcu.externaltools.arm-none.win32_1.17.0.201812190825/tools/compiler/bin/../lib/gcc/arm-none-eabi/7.3.1/../../../../arm-none-eabi/lib/thumb/v7e-m/fpv4-sp/hard\libc_nano.a(lib_a-makebuf.o)
                0x0800aa14                __swhatbuf_r
 .text.__smakebuf_r
                0x0800aa5c       0x80 d:/programy/swstm32/plugins/fr.ac6.mcu.externaltools.arm-none.win32_1.17.0.201812190825/tools/compiler/bin/../lib/gcc/arm-none-eabi/7.3.1/../../../../arm-none-eabi/lib/thumb/v7e-m/fpv4-sp/hard\libc_nano.a(lib_a-makebuf.o)
                0x0800aa5c                __smakebuf_r
 .text.__ascii_mbtowc
                0x0800aadc       0x24 d:/programy/swstm32/plugins/fr.ac6.mcu.externaltools.arm-none.win32_1.17.0.201812190825/tools/compiler/bin/../lib/gcc/arm-none-eabi/7.3.1/../../../../arm-none-eabi/lib/thumb/v7e-m/fpv4-sp/hard\libc_nano.a(lib_a-mbtowc_r.o)
                0x0800aadc                __ascii_mbtowc
 .text.memmove  0x0800ab00       0x32 d:/programy/swstm32/plugins/fr.ac6.mcu.externaltools.arm-none.win32_1.17.0.201812190825/tools/compiler/bin/../lib/gcc/arm-none-eabi/7.3.1/../../../../arm-none-eabi/lib/thumb/v7e-m/fpv4-sp/hard\libc_nano.a(lib_a-memmove.o)
                0x0800ab00                memmove
 .text.__malloc_lock
                0x0800ab32        0x2 d:/programy/swstm32/plugins/fr.ac6.mcu.externaltools.arm-none.win32_1.17.0.201812190825/tools/compiler/bin/../lib/gcc/arm-none-eabi/7.3.1/../../../../arm-none-eabi/lib/thumb/v7e-m/fpv4-sp/hard\libc_nano.a(lib_a-mlock.o)
                0x0800ab32                __malloc_lock
 .text.__malloc_unlock
                0x0800ab34        0x2 d:/programy/swstm32/plugins/fr.ac6.mcu.externaltools.arm-none.win32_1.17.0.201812190825/tools/compiler/bin/../lib/gcc/arm-none-eabi/7.3.1/../../../../arm-none-eabi/lib/thumb/v7e-m/fpv4-sp/hard\libc_nano.a(lib_a-mlock.o)
                0x0800ab34                __malloc_unlock
 .text._realloc_r
                0x0800ab36       0x4c d:/programy/swstm32/plugins/fr.ac6.mcu.externaltools.arm-none.win32_1.17.0.201812190825/tools/compiler/bin/../lib/gcc/arm-none-eabi/7.3.1/../../../../arm-none-eabi/lib/thumb/v7e-m/fpv4-sp/hard\libc_nano.a(lib_a-nano-reallocr.o)
                0x0800ab36                _realloc_r
 *fill*         0x0800ab82        0x2 
 .text._read_r  0x0800ab84       0x24 d:/programy/swstm32/plugins/fr.ac6.mcu.externaltools.arm-none.win32_1.17.0.201812190825/tools/compiler/bin/../lib/gcc/arm-none-eabi/7.3.1/../../../../arm-none-eabi/lib/thumb/v7e-m/fpv4-sp/hard\libc_nano.a(lib_a-readr.o)
                0x0800ab84                _read_r
 .text.__ascii_wctomb
                0x0800aba8       0x1a d:/programy/swstm32/plugins/fr.ac6.mcu.externaltools.arm-none.win32_1.17.0.201812190825/tools/compiler/bin/../lib/gcc/arm-none-eabi/7.3.1/../../../../arm-none-eabi/lib/thumb/v7e-m/fpv4-sp/hard\libc_nano.a(lib_a-wctomb_r.o)
                0x0800aba8                __ascii_wctomb
 *fill*         0x0800abc2        0x2 
 .text._fstat_r
                0x0800abc4       0x24 d:/programy/swstm32/plugins/fr.ac6.mcu.externaltools.arm-none.win32_1.17.0.201812190825/tools/compiler/bin/../lib/gcc/arm-none-eabi/7.3.1/../../../../arm-none-eabi/lib/thumb/v7e-m/fpv4-sp/hard\libc_nano.a(lib_a-fstatr.o)
                0x0800abc4                _fstat_r
 .text._isatty_r
                0x0800abe8       0x20 d:/programy/swstm32/plugins/fr.ac6.mcu.externaltools.arm-none.win32_1.17.0.201812190825/tools/compiler/bin/../lib/gcc/arm-none-eabi/7.3.1/../../../../arm-none-eabi/lib/thumb/v7e-m/fpv4-sp/hard\libc_nano.a(lib_a-isattyr.o)
                0x0800abe8                _isatty_r
 .text._malloc_usable_size_r
                0x0800ac08       0x10 d:/programy/swstm32/plugins/fr.ac6.mcu.externaltools.arm-none.win32_1.17.0.201812190825/tools/compiler/bin/../lib/gcc/arm-none-eabi/7.3.1/../../../../arm-none-eabi/lib/thumb/v7e-m/fpv4-sp/hard\libc_nano.a(lib_a-nano-msizer.o)
                0x0800ac08                _malloc_usable_size_r
 *(.glue_7)
 .glue_7        0x0800ac18        0x0 linker stubs
 *(.glue_7t)
 .glue_7t       0x0800ac18        0x0 linker stubs
 *(.eh_frame)
 .eh_frame      0x0800ac18        0x0 d:/programy/swstm32/plugins/fr.ac6.mcu.externaltools.arm-none.win32_1.17.0.201812190825/tools/compiler/bin/../lib/gcc/arm-none-eabi/7.3.1/thumb/v7e-m/fpv4-sp/hard/crtbegin.o
 *(.init)
 .init          0x0800ac18        0x4 d:/programy/swstm32/plugins/fr.ac6.mcu.externaltools.arm-none.win32_1.17.0.201812190825/tools/compiler/bin/../lib/gcc/arm-none-eabi/7.3.1/thumb/v7e-m/fpv4-sp/hard/crti.o
                0x0800ac18                _init
 .init          0x0800ac1c        0x8 d:/programy/swstm32/plugins/fr.ac6.mcu.externaltools.arm-none.win32_1.17.0.201812190825/tools/compiler/bin/../lib/gcc/arm-none-eabi/7.3.1/thumb/v7e-m/fpv4-sp/hard/crtn.o
 *(.fini)
 .fini          0x0800ac24        0x4 d:/programy/swstm32/plugins/fr.ac6.mcu.externaltools.arm-none.win32_1.17.0.201812190825/tools/compiler/bin/../lib/gcc/arm-none-eabi/7.3.1/thumb/v7e-m/fpv4-sp/hard/crti.o
                0x0800ac24                _fini
 .fini          0x0800ac28        0x8 d:/programy/swstm32/plugins/fr.ac6.mcu.externaltools.arm-none.win32_1.17.0.201812190825/tools/compiler/bin/../lib/gcc/arm-none-eabi/7.3.1/thumb/v7e-m/fpv4-sp/hard/crtn.o
                0x0800ac30                . = ALIGN (0x4)
                0x0800ac30                _etext = .

.vfp11_veneer   0x0800ac30        0x0
 .vfp11_veneer  0x0800ac30        0x0 linker stubs

.v4_bx          0x0800ac30        0x0
 .v4_bx         0x0800ac30        0x0 linker stubs

.iplt           0x0800ac30        0x0
 .iplt          0x0800ac30        0x0 d:/programy/swstm32/plugins/fr.ac6.mcu.externaltools.arm-none.win32_1.17.0.201812190825/tools/compiler/bin/../lib/gcc/arm-none-eabi/7.3.1/thumb/v7e-m/fpv4-sp/hard/crtbegin.o

.rodata         0x0800ac30      0x5c8
                0x0800ac30                . = ALIGN (0x4)
 *(.rodata)
 .rodata        0x0800ac30       0x10 Application/User/L76X.o
                0x0800ac30                Temp
 .rodata        0x0800ac40       0x18 Drivers/CMSIS/system_stm32f4xx.o
                0x0800ac40                AHBPrescTable
                0x0800ac50                APBPrescTable
 *(.rodata*)
 .rodata.str1.4
                0x0800ac58        0x5 Application/User/L76X.o
 *fill*         0x0800ac5d        0x3 
 .rodata.str1.4
                0x0800ac60       0x9d Application/User/main.o
 *fill*         0x0800acfd        0x3 
 .rodata.pow.str1.4
                0x0800ad00        0x4 d:/programy/swstm32/plugins/fr.ac6.mcu.externaltools.arm-none.win32_1.17.0.201812190825/tools/compiler/bin/../lib/gcc/arm-none-eabi/7.3.1/../../../../arm-none-eabi/lib/thumb/v7e-m/fpv4-sp/hard\libm.a(lib_a-w_pow.o)
 .rodata.sqrt.str1.4
                0x0800ad04        0x5 d:/programy/swstm32/plugins/fr.ac6.mcu.externaltools.arm-none.win32_1.17.0.201812190825/tools/compiler/bin/../lib/gcc/arm-none-eabi/7.3.1/../../../../arm-none-eabi/lib/thumb/v7e-m/fpv4-sp/hard\libm.a(lib_a-w_sqrt.o)
 .rodata.__ieee754_pow.str1.4
                0x0800ad09        0x8 d:/programy/swstm32/plugins/fr.ac6.mcu.externaltools.arm-none.win32_1.17.0.201812190825/tools/compiler/bin/../lib/gcc/arm-none-eabi/7.3.1/../../../../arm-none-eabi/lib/thumb/v7e-m/fpv4-sp/hard\libm.a(lib_a-e_pow.o)
                                  0x1 (size before relaxing)
 *fill*         0x0800ad09        0x3 
 .rodata.npio2_hw
                0x0800ad0c       0x80 d:/programy/swstm32/plugins/fr.ac6.mcu.externaltools.arm-none.win32_1.17.0.201812190825/tools/compiler/bin/../lib/gcc/arm-none-eabi/7.3.1/../../../../arm-none-eabi/lib/thumb/v7e-m/fpv4-sp/hard\libm.a(lib_a-e_rem_pio2.o)
 .rodata.two_over_pi
                0x0800ad8c      0x108 d:/programy/swstm32/plugins/fr.ac6.mcu.externaltools.arm-none.win32_1.17.0.201812190825/tools/compiler/bin/../lib/gcc/arm-none-eabi/7.3.1/../../../../arm-none-eabi/lib/thumb/v7e-m/fpv4-sp/hard\libm.a(lib_a-e_rem_pio2.o)
 *fill*         0x0800ae94        0x4 
 .rodata.PIo2   0x0800ae98       0x40 d:/programy/swstm32/plugins/fr.ac6.mcu.externaltools.arm-none.win32_1.17.0.201812190825/tools/compiler/bin/../lib/gcc/arm-none-eabi/7.3.1/../../../../arm-none-eabi/lib/thumb/v7e-m/fpv4-sp/hard\libm.a(lib_a-k_rem_pio2.o)
 .rodata.init_jk
                0x0800aed8       0x10 d:/programy/swstm32/plugins/fr.ac6.mcu.externaltools.arm-none.win32_1.17.0.201812190825/tools/compiler/bin/../lib/gcc/arm-none-eabi/7.3.1/../../../../arm-none-eabi/lib/thumb/v7e-m/fpv4-sp/hard\libm.a(lib_a-k_rem_pio2.o)
 .rodata.atanhi
                0x0800aee8       0x20 d:/programy/swstm32/plugins/fr.ac6.mcu.externaltools.arm-none.win32_1.17.0.201812190825/tools/compiler/bin/../lib/gcc/arm-none-eabi/7.3.1/../../../../arm-none-eabi/lib/thumb/v7e-m/fpv4-sp/hard\libm.a(lib_a-s_atan.o)
 .rodata.atanlo
                0x0800af08       0x20 d:/programy/swstm32/plugins/fr.ac6.mcu.externaltools.arm-none.win32_1.17.0.201812190825/tools/compiler/bin/../lib/gcc/arm-none-eabi/7.3.1/../../../../arm-none-eabi/lib/thumb/v7e-m/fpv4-sp/hard\libm.a(lib_a-s_atan.o)
 .rodata.TWO52  0x0800af28       0x10 d:/programy/swstm32/plugins/fr.ac6.mcu.externaltools.arm-none.win32_1.17.0.201812190825/tools/compiler/bin/../lib/gcc/arm-none-eabi/7.3.1/../../../../arm-none-eabi/lib/thumb/v7e-m/fpv4-sp/hard\libm.a(lib_a-s_rint.o)
 .rodata._global_impure_ptr
                0x0800af38        0x4 d:/programy/swstm32/plugins/fr.ac6.mcu.externaltools.arm-none.win32_1.17.0.201812190825/tools/compiler/bin/../lib/gcc/arm-none-eabi/7.3.1/../../../../arm-none-eabi/lib/thumb/v7e-m/fpv4-sp/hard\libc_nano.a(lib_a-impure.o)
                0x0800af38                _global_impure_ptr
 .rodata._printf_float.str1.1
                0x0800af3c       0x12 d:/programy/swstm32/plugins/fr.ac6.mcu.externaltools.arm-none.win32_1.17.0.201812190825/tools/compiler/bin/../lib/gcc/arm-none-eabi/7.3.1/../../../../arm-none-eabi/lib/thumb/v7e-m/fpv4-sp/hard\libc_nano.a(lib_a-nano-vfprintf_float.o)
 .rodata._printf_i.str1.1
                0x0800af4e       0x22 d:/programy/swstm32/plugins/fr.ac6.mcu.externaltools.arm-none.win32_1.17.0.201812190825/tools/compiler/bin/../lib/gcc/arm-none-eabi/7.3.1/../../../../arm-none-eabi/lib/thumb/v7e-m/fpv4-sp/hard\libc_nano.a(lib_a-nano-vfprintf_i.o)
 .rodata._dtoa_r.str1.1
                0x0800af70        0xd d:/programy/swstm32/plugins/fr.ac6.mcu.externaltools.arm-none.win32_1.17.0.201812190825/tools/compiler/bin/../lib/gcc/arm-none-eabi/7.3.1/../../../../arm-none-eabi/lib/thumb/v7e-m/fpv4-sp/hard\libc_nano.a(lib_a-dtoa.o)
                                  0xf (size before relaxing)
 *fill*         0x0800af7d        0x3 
 .rodata.__sf_fake_stderr
                0x0800af80       0x20 d:/programy/swstm32/plugins/fr.ac6.mcu.externaltools.arm-none.win32_1.17.0.201812190825/tools/compiler/bin/../lib/gcc/arm-none-eabi/7.3.1/../../../../arm-none-eabi/lib/thumb/v7e-m/fpv4-sp/hard\libc_nano.a(lib_a-findfp.o)
                0x0800af80                __sf_fake_stderr
 .rodata.__sf_fake_stdin
                0x0800afa0       0x20 d:/programy/swstm32/plugins/fr.ac6.mcu.externaltools.arm-none.win32_1.17.0.201812190825/tools/compiler/bin/../lib/gcc/arm-none-eabi/7.3.1/../../../../arm-none-eabi/lib/thumb/v7e-m/fpv4-sp/hard\libc_nano.a(lib_a-findfp.o)
                0x0800afa0                __sf_fake_stdin
 .rodata.__sf_fake_stdout
                0x0800afc0       0x20 d:/programy/swstm32/plugins/fr.ac6.mcu.externaltools.arm-none.win32_1.17.0.201812190825/tools/compiler/bin/../lib/gcc/arm-none-eabi/7.3.1/../../../../arm-none-eabi/lib/thumb/v7e-m/fpv4-sp/hard\libc_nano.a(lib_a-findfp.o)
                0x0800afc0                __sf_fake_stdout
 .rodata.__mprec_bigtens
                0x0800afe0       0x28 d:/programy/swstm32/plugins/fr.ac6.mcu.externaltools.arm-none.win32_1.17.0.201812190825/tools/compiler/bin/../lib/gcc/arm-none-eabi/7.3.1/../../../../arm-none-eabi/lib/thumb/v7e-m/fpv4-sp/hard\libc_nano.a(lib_a-mprec.o)
                0x0800afe0                __mprec_bigtens
 .rodata.__mprec_tens
                0x0800b008       0xc8 d:/programy/swstm32/plugins/fr.ac6.mcu.externaltools.arm-none.win32_1.17.0.201812190825/tools/compiler/bin/../lib/gcc/arm-none-eabi/7.3.1/../../../../arm-none-eabi/lib/thumb/v7e-m/fpv4-sp/hard\libc_nano.a(lib_a-mprec.o)
                0x0800b008                __mprec_tens
 .rodata.p05.7359
                0x0800b0d0        0xc d:/programy/swstm32/plugins/fr.ac6.mcu.externaltools.arm-none.win32_1.17.0.201812190825/tools/compiler/bin/../lib/gcc/arm-none-eabi/7.3.1/../../../../arm-none-eabi/lib/thumb/v7e-m/fpv4-sp/hard\libc_nano.a(lib_a-mprec.o)
 .rodata._svfprintf_r.str1.1
                0x0800b0dc       0x11 d:/programy/swstm32/plugins/fr.ac6.mcu.externaltools.arm-none.win32_1.17.0.201812190825/tools/compiler/bin/../lib/gcc/arm-none-eabi/7.3.1/../../../../arm-none-eabi/lib/thumb/v7e-m/fpv4-sp/hard\libc_nano.a(lib_a-nano-svfprintf.o)
 .rodata._vfprintf_r.str1.1
                0x0800b0ed       0x11 d:/programy/swstm32/plugins/fr.ac6.mcu.externaltools.arm-none.win32_1.17.0.201812190825/tools/compiler/bin/../lib/gcc/arm-none-eabi/7.3.1/../../../../arm-none-eabi/lib/thumb/v7e-m/fpv4-sp/hard\libc_nano.a(lib_a-nano-vfprintf.o)
 .rodata._setlocale_r.str1.1
                0x0800b0ed        0x8 d:/programy/swstm32/plugins/fr.ac6.mcu.externaltools.arm-none.win32_1.17.0.201812190825/tools/compiler/bin/../lib/gcc/arm-none-eabi/7.3.1/../../../../arm-none-eabi/lib/thumb/v7e-m/fpv4-sp/hard\libc_nano.a(lib_a-locale.o)
                                  0x9 (size before relaxing)
 .rodata.str1.1
                0x0800b0f5        0x2 d:/programy/swstm32/plugins/fr.ac6.mcu.externaltools.arm-none.win32_1.17.0.201812190825/tools/compiler/bin/../lib/gcc/arm-none-eabi/7.3.1/../../../../arm-none-eabi/lib/thumb/v7e-m/fpv4-sp/hard\libc_nano.a(lib_a-locale.o)
 .rodata._ctype_
                0x0800b0f7      0x101 d:/programy/swstm32/plugins/fr.ac6.mcu.externaltools.arm-none.win32_1.17.0.201812190825/tools/compiler/bin/../lib/gcc/arm-none-eabi/7.3.1/../../../../arm-none-eabi/lib/thumb/v7e-m/fpv4-sp/hard\libc_nano.a(lib_a-ctype_.o)
                0x0800b0f7                _ctype_
                0x0800b1f8                . = ALIGN (0x4)

.ARM.extab
 *(.ARM.extab* .gnu.linkonce.armextab.*)

.ARM            0x0800b1f8        0x8
                0x0800b1f8                __exidx_start = .
 *(.ARM.exidx*)
 .ARM.exidx     0x0800b1f8        0x8 d:/programy/swstm32/plugins/fr.ac6.mcu.externaltools.arm-none.win32_1.17.0.201812190825/tools/compiler/bin/../lib/gcc/arm-none-eabi/7.3.1/thumb/v7e-m/fpv4-sp/hard\libgcc.a(_udivmoddi4.o)
                0x0800b200                __exidx_end = .

.rel.dyn        0x0800b200        0x0
 .rel.iplt      0x0800b200        0x0 d:/programy/swstm32/plugins/fr.ac6.mcu.externaltools.arm-none.win32_1.17.0.201812190825/tools/compiler/bin/../lib/gcc/arm-none-eabi/7.3.1/thumb/v7e-m/fpv4-sp/hard/crtbegin.o

.preinit_array  0x0800b200        0x0
                0x0800b200                PROVIDE (__preinit_array_start = .)
 *(.preinit_array*)
                0x0800b200                PROVIDE (__preinit_array_end = .)

.init_array     0x0800b200        0x4
                0x0800b200                PROVIDE (__init_array_start = .)
 *(SORT_BY_NAME(.init_array.*))
 *(.init_array*)
 .init_array    0x0800b200        0x4 d:/programy/swstm32/plugins/fr.ac6.mcu.externaltools.arm-none.win32_1.17.0.201812190825/tools/compiler/bin/../lib/gcc/arm-none-eabi/7.3.1/thumb/v7e-m/fpv4-sp/hard/crtbegin.o
                0x0800b204                PROVIDE (__init_array_end = .)

.fini_array     0x0800b204        0x4
                [!provide]                PROVIDE (__fini_array_start = .)
 *(SORT_BY_NAME(.fini_array.*))
 *(.fini_array*)
 .fini_array    0x0800b204        0x4 d:/programy/swstm32/plugins/fr.ac6.mcu.externaltools.arm-none.win32_1.17.0.201812190825/tools/compiler/bin/../lib/gcc/arm-none-eabi/7.3.1/thumb/v7e-m/fpv4-sp/hard/crtbegin.o
                [!provide]                PROVIDE (__fini_array_end = .)
                0x0800b208                _sidata = LOADADDR (.data)

.data           0x20000000      0x1e0 load address 0x0800b208
                0x20000000                . = ALIGN (0x4)
                0x20000000                _sdata = .
 *(.data)
 .data          0x20000000        0x4 Drivers/CMSIS/system_stm32f4xx.o
                0x20000000                SystemCoreClock
 .data          0x20000004        0x8 Drivers/STM32F4xx_HAL_Driver/stm32f4xx_hal.o
                0x20000004                uwTickFreq
                0x20000008                uwTickPrio
 *(.data*)
 .data.__fdlib_version
                0x2000000c        0x1 d:/programy/swstm32/plugins/fr.ac6.mcu.externaltools.arm-none.win32_1.17.0.201812190825/tools/compiler/bin/../lib/gcc/arm-none-eabi/7.3.1/../../../../arm-none-eabi/lib/thumb/v7e-m/fpv4-sp/hard\libm.a(lib_a-s_lib_ver.o)
                0x2000000c                __fdlib_version
 *fill*         0x2000000d        0x3 
 .data._impure_ptr
                0x20000010        0x4 d:/programy/swstm32/plugins/fr.ac6.mcu.externaltools.arm-none.win32_1.17.0.201812190825/tools/compiler/bin/../lib/gcc/arm-none-eabi/7.3.1/../../../../arm-none-eabi/lib/thumb/v7e-m/fpv4-sp/hard\libc_nano.a(lib_a-impure.o)
                0x20000010                _impure_ptr
 .data.impure_data
                0x20000014       0x60 d:/programy/swstm32/plugins/fr.ac6.mcu.externaltools.arm-none.win32_1.17.0.201812190825/tools/compiler/bin/../lib/gcc/arm-none-eabi/7.3.1/../../../../arm-none-eabi/lib/thumb/v7e-m/fpv4-sp/hard\libc_nano.a(lib_a-impure.o)
 .data.__global_locale
                0x20000074      0x16c d:/programy/swstm32/plugins/fr.ac6.mcu.externaltools.arm-none.win32_1.17.0.201812190825/tools/compiler/bin/../lib/gcc/arm-none-eabi/7.3.1/../../../../arm-none-eabi/lib/thumb/v7e-m/fpv4-sp/hard\libc_nano.a(lib_a-locale.o)
                0x20000074                __global_locale
                0x200001e0                . = ALIGN (0x4)
                0x200001e0                _edata = .

.igot.plt       0x200001e0        0x0 load address 0x0800b3e8
 .igot.plt      0x200001e0        0x0 d:/programy/swstm32/plugins/fr.ac6.mcu.externaltools.arm-none.win32_1.17.0.201812190825/tools/compiler/bin/../lib/gcc/arm-none-eabi/7.3.1/thumb/v7e-m/fpv4-sp/hard/crtbegin.o
                0x200001e0                . = ALIGN (0x4)

.bss            0x200001e0      0x5c4 load address 0x0800b3e8
                0x200001e0                _sbss = .
                0x200001e0                __bss_start__ = _sbss
 *(.bss)
 .bss           0x200001e0       0x1c d:/programy/swstm32/plugins/fr.ac6.mcu.externaltools.arm-none.win32_1.17.0.201812190825/tools/compiler/bin/../lib/gcc/arm-none-eabi/7.3.1/thumb/v7e-m/fpv4-sp/hard/crtbegin.o
 .bss           0x200001fc        0x8 Application/SW4STM32/syscalls.o
                0x20000200                __env
 .bss           0x20000204      0x320 Application/User/L76X.o
 .bss           0x20000524        0x4 Application/User/bme280.o
                0x20000524                tFineValue
 .bss           0x20000528       0x68 Application/User/main.o
                0x20000528                total_distance
                0x20000530                distance
                0x20000538                avg_speed
                0x20000540                cnt
                0x20000548                longitude
                0x20000550                latitude
                0x20000570                current_speed
                0x20000578                temperature
                0x20000580                presure
                0x20000588                humidity
 *(.bss*)
 .bss.__malloc_free_list
                0x20000590        0x4 d:/programy/swstm32/plugins/fr.ac6.mcu.externaltools.arm-none.win32_1.17.0.201812190825/tools/compiler/bin/../lib/gcc/arm-none-eabi/7.3.1/../../../../arm-none-eabi/lib/thumb/v7e-m/fpv4-sp/hard\libc_nano.a(lib_a-nano-mallocr.o)
                0x20000590                __malloc_free_list
 .bss.__malloc_sbrk_start
                0x20000594        0x4 d:/programy/swstm32/plugins/fr.ac6.mcu.externaltools.arm-none.win32_1.17.0.201812190825/tools/compiler/bin/../lib/gcc/arm-none-eabi/7.3.1/../../../../arm-none-eabi/lib/thumb/v7e-m/fpv4-sp/hard\libc_nano.a(lib_a-nano-mallocr.o)
                0x20000594                __malloc_sbrk_start
 *(COMMON)
 COMMON         0x20000598       0x40 Application/User/DEV_Config.o
                0x20000598                huart2
 COMMON         0x200005d8       0x18 Application/User/L76X.o
                0x200005d8                GPS
 COMMON         0x200005f0       0x34 Application/User/bme280.o
                0x200005f0                CalibData
                0x20000614                BME280_Set
 COMMON         0x20000624      0x178 Application/User/main.o
                0x20000624                hi2c1
                0x20000678                htim10
                0x200006b8                rx_buffer
                0x200006c4                htim11
                0x20000704                Data
                0x2000072c                BME280_Data
                0x2000073c                hrtc
                0x2000075c                huart6
 COMMON         0x2000079c        0x4 Drivers/STM32F4xx_HAL_Driver/stm32f4xx_hal.o
                0x2000079c                uwTick
 COMMON         0x200007a0        0x4 d:/programy/swstm32/plugins/fr.ac6.mcu.externaltools.arm-none.win32_1.17.0.201812190825/tools/compiler/bin/../lib/gcc/arm-none-eabi/7.3.1/../../../../arm-none-eabi/lib/thumb/v7e-m/fpv4-sp/hard\libc_nano.a(lib_a-reent.o)
                0x200007a0                errno
                0x200007a4                . = ALIGN (0x4)
                0x200007a4                _ebss = .
                0x200007a4                __bss_end__ = _ebss

._user_heap_stack
                0x200007a4      0x604 load address 0x0800b3e8
                0x200007a8                . = ALIGN (0x8)
 *fill*         0x200007a4        0x4 
                0x200007a8                PROVIDE (end = .)
                [!provide]                PROVIDE (_end = .)
                0x200009a8                . = (. + _Min_Heap_Size)
 *fill*         0x200007a8      0x200 
                0x20000da8                . = (. + _Min_Stack_Size)
 *fill*         0x200009a8      0x400 
                0x20000da8                . = ALIGN (0x8)

/DISCARD/
 libc.a(*)
 libm.a(*)
 libgcc.a(*)

.ARM.attributes
                0x00000000       0x30
 *(.ARM.attributes)
 .ARM.attributes
                0x00000000       0x22 d:/programy/swstm32/plugins/fr.ac6.mcu.externaltools.arm-none.win32_1.17.0.201812190825/tools/compiler/bin/../lib/gcc/arm-none-eabi/7.3.1/thumb/v7e-m/fpv4-sp/hard/crti.o
 .ARM.attributes
                0x00000022       0x34 d:/programy/swstm32/plugins/fr.ac6.mcu.externaltools.arm-none.win32_1.17.0.201812190825/tools/compiler/bin/../lib/gcc/arm-none-eabi/7.3.1/thumb/v7e-m/fpv4-sp/hard/crtbegin.o
 .ARM.attributes
                0x00000056       0x21 Application/SW4STM32/startup_stm32f411xe.o
 .ARM.attributes
                0x00000077       0x39 Application/SW4STM32/syscalls.o
 .ARM.attributes
                0x000000b0       0x39 Application/User/DEV_Config.o
 .ARM.attributes
                0x000000e9       0x39 Application/User/L76X.o
 .ARM.attributes
                0x00000122       0x39 Application/User/bme280.o
 .ARM.attributes
                0x0000015b       0x39 Application/User/main.o
 .ARM.attributes
                0x00000194       0x39 Application/User/stm32f4xx_hal_msp.o
 .ARM.attributes
                0x000001cd       0x39 Application/User/stm32f4xx_it.o
 .ARM.attributes
                0x00000206       0x39 Drivers/CMSIS/system_stm32f4xx.o
 .ARM.attributes
                0x0000023f       0x39 Drivers/STM32F4xx_HAL_Driver/stm32f4xx_hal.o
 .ARM.attributes
                0x00000278       0x39 Drivers/STM32F4xx_HAL_Driver/stm32f4xx_hal_cortex.o
 .ARM.attributes
                0x000002b1       0x39 Drivers/STM32F4xx_HAL_Driver/stm32f4xx_hal_dma.o
 .ARM.attributes
                0x000002ea       0x39 Drivers/STM32F4xx_HAL_Driver/stm32f4xx_hal_gpio.o
 .ARM.attributes
                0x00000323       0x39 Drivers/STM32F4xx_HAL_Driver/stm32f4xx_hal_i2c.o
 .ARM.attributes
                0x0000035c       0x39 Drivers/STM32F4xx_HAL_Driver/stm32f4xx_hal_rcc.o
 .ARM.attributes
                0x00000395       0x39 Drivers/STM32F4xx_HAL_Driver/stm32f4xx_hal_rcc_ex.o
 .ARM.attributes
                0x000003ce       0x39 Drivers/STM32F4xx_HAL_Driver/stm32f4xx_hal_rtc.o
 .ARM.attributes
                0x00000407       0x39 Drivers/STM32F4xx_HAL_Driver/stm32f4xx_hal_tim.o
 .ARM.attributes
                0x00000440       0x39 Drivers/STM32F4xx_HAL_Driver/stm32f4xx_hal_tim_ex.o
 .ARM.attributes
                0x00000479       0x39 Drivers/STM32F4xx_HAL_Driver/stm32f4xx_hal_uart.o
 .ARM.attributes
                0x000004b2       0x34 d:/programy/swstm32/plugins/fr.ac6.mcu.externaltools.arm-none.win32_1.17.0.201812190825/tools/compiler/bin/../lib/gcc/arm-none-eabi/7.3.1/../../../../arm-none-eabi/lib/thumb/v7e-m/fpv4-sp/hard\libm.a(lib_a-s_cos.o)
 .ARM.attributes
                0x000004e6       0x34 d:/programy/swstm32/plugins/fr.ac6.mcu.externaltools.arm-none.win32_1.17.0.201812190825/tools/compiler/bin/../lib/gcc/arm-none-eabi/7.3.1/../../../../arm-none-eabi/lib/thumb/v7e-m/fpv4-sp/hard\libm.a(lib_a-s_sin.o)
 .ARM.attributes
                0x0000051a       0x34 d:/programy/swstm32/plugins/fr.ac6.mcu.externaltools.arm-none.win32_1.17.0.201812190825/tools/compiler/bin/../lib/gcc/arm-none-eabi/7.3.1/../../../../arm-none-eabi/lib/thumb/v7e-m/fpv4-sp/hard\libm.a(lib_a-w_atan2.o)
 .ARM.attributes
                0x0000054e       0x34 d:/programy/swstm32/plugins/fr.ac6.mcu.externaltools.arm-none.win32_1.17.0.201812190825/tools/compiler/bin/../lib/gcc/arm-none-eabi/7.3.1/../../../../arm-none-eabi/lib/thumb/v7e-m/fpv4-sp/hard\libm.a(lib_a-w_pow.o)
 .ARM.attributes
                0x00000582       0x34 d:/programy/swstm32/plugins/fr.ac6.mcu.externaltools.arm-none.win32_1.17.0.201812190825/tools/compiler/bin/../lib/gcc/arm-none-eabi/7.3.1/../../../../arm-none-eabi/lib/thumb/v7e-m/fpv4-sp/hard\libm.a(lib_a-w_sqrt.o)
 .ARM.attributes
                0x000005b6       0x34 d:/programy/swstm32/plugins/fr.ac6.mcu.externaltools.arm-none.win32_1.17.0.201812190825/tools/compiler/bin/../lib/gcc/arm-none-eabi/7.3.1/../../../../arm-none-eabi/lib/thumb/v7e-m/fpv4-sp/hard\libm.a(lib_a-e_atan2.o)
 .ARM.attributes
                0x000005ea       0x34 d:/programy/swstm32/plugins/fr.ac6.mcu.externaltools.arm-none.win32_1.17.0.201812190825/tools/compiler/bin/../lib/gcc/arm-none-eabi/7.3.1/../../../../arm-none-eabi/lib/thumb/v7e-m/fpv4-sp/hard\libm.a(lib_a-e_pow.o)
 .ARM.attributes
                0x0000061e       0x34 d:/programy/swstm32/plugins/fr.ac6.mcu.externaltools.arm-none.win32_1.17.0.201812190825/tools/compiler/bin/../lib/gcc/arm-none-eabi/7.3.1/../../../../arm-none-eabi/lib/thumb/v7e-m/fpv4-sp/hard\libm.a(lib_a-e_rem_pio2.o)
 .ARM.attributes
                0x00000652       0x34 d:/programy/swstm32/plugins/fr.ac6.mcu.externaltools.arm-none.win32_1.17.0.201812190825/tools/compiler/bin/../lib/gcc/arm-none-eabi/7.3.1/../../../../arm-none-eabi/lib/thumb/v7e-m/fpv4-sp/hard\libm.a(lib_a-e_sqrt.o)
 .ARM.attributes
                0x00000686       0x34 d:/programy/swstm32/plugins/fr.ac6.mcu.externaltools.arm-none.win32_1.17.0.201812190825/tools/compiler/bin/../lib/gcc/arm-none-eabi/7.3.1/../../../../arm-none-eabi/lib/thumb/v7e-m/fpv4-sp/hard\libm.a(lib_a-k_cos.o)
 .ARM.attributes
                0x000006ba       0x34 d:/programy/swstm32/plugins/fr.ac6.mcu.externaltools.arm-none.win32_1.17.0.201812190825/tools/compiler/bin/../lib/gcc/arm-none-eabi/7.3.1/../../../../arm-none-eabi/lib/thumb/v7e-m/fpv4-sp/hard\libm.a(lib_a-k_rem_pio2.o)
 .ARM.attributes
                0x000006ee       0x34 d:/programy/swstm32/plugins/fr.ac6.mcu.externaltools.arm-none.win32_1.17.0.201812190825/tools/compiler/bin/../lib/gcc/arm-none-eabi/7.3.1/../../../../arm-none-eabi/lib/thumb/v7e-m/fpv4-sp/hard\libm.a(lib_a-k_sin.o)
 .ARM.attributes
                0x00000722       0x34 d:/programy/swstm32/plugins/fr.ac6.mcu.externaltools.arm-none.win32_1.17.0.201812190825/tools/compiler/bin/../lib/gcc/arm-none-eabi/7.3.1/../../../../arm-none-eabi/lib/thumb/v7e-m/fpv4-sp/hard\libm.a(lib_a-s_atan.o)
 .ARM.attributes
                0x00000756       0x34 d:/programy/swstm32/plugins/fr.ac6.mcu.externaltools.arm-none.win32_1.17.0.201812190825/tools/compiler/bin/../lib/gcc/arm-none-eabi/7.3.1/../../../../arm-none-eabi/lib/thumb/v7e-m/fpv4-sp/hard\libm.a(lib_a-s_fabs.o)
 .ARM.attributes
                0x0000078a       0x34 d:/programy/swstm32/plugins/fr.ac6.mcu.externaltools.arm-none.win32_1.17.0.201812190825/tools/compiler/bin/../lib/gcc/arm-none-eabi/7.3.1/../../../../arm-none-eabi/lib/thumb/v7e-m/fpv4-sp/hard\libm.a(lib_a-s_finite.o)
 .ARM.attributes
                0x000007be       0x34 d:/programy/swstm32/plugins/fr.ac6.mcu.externaltools.arm-none.win32_1.17.0.201812190825/tools/compiler/bin/../lib/gcc/arm-none-eabi/7.3.1/../../../../arm-none-eabi/lib/thumb/v7e-m/fpv4-sp/hard\libm.a(lib_a-s_floor.o)
 .ARM.attributes
                0x000007f2       0x34 d:/programy/swstm32/plugins/fr.ac6.mcu.externaltools.arm-none.win32_1.17.0.201812190825/tools/compiler/bin/../lib/gcc/arm-none-eabi/7.3.1/../../../../arm-none-eabi/lib/thumb/v7e-m/fpv4-sp/hard\libm.a(lib_a-s_lib_ver.o)
 .ARM.attributes
                0x00000826       0x34 d:/programy/swstm32/plugins/fr.ac6.mcu.externaltools.arm-none.win32_1.17.0.201812190825/tools/compiler/bin/../lib/gcc/arm-none-eabi/7.3.1/../../../../arm-none-eabi/lib/thumb/v7e-m/fpv4-sp/hard\libm.a(lib_a-s_matherr.o)
 .ARM.attributes
                0x0000085a       0x34 d:/programy/swstm32/plugins/fr.ac6.mcu.externaltools.arm-none.win32_1.17.0.201812190825/tools/compiler/bin/../lib/gcc/arm-none-eabi/7.3.1/../../../../arm-none-eabi/lib/thumb/v7e-m/fpv4-sp/hard\libm.a(lib_a-s_nan.o)
 .ARM.attributes
                0x0000088e       0x34 d:/programy/swstm32/plugins/fr.ac6.mcu.externaltools.arm-none.win32_1.17.0.201812190825/tools/compiler/bin/../lib/gcc/arm-none-eabi/7.3.1/../../../../arm-none-eabi/lib/thumb/v7e-m/fpv4-sp/hard\libm.a(lib_a-s_rint.o)
 .ARM.attributes
                0x000008c2       0x34 d:/programy/swstm32/plugins/fr.ac6.mcu.externaltools.arm-none.win32_1.17.0.201812190825/tools/compiler/bin/../lib/gcc/arm-none-eabi/7.3.1/../../../../arm-none-eabi/lib/thumb/v7e-m/fpv4-sp/hard\libm.a(lib_a-s_scalbn.o)
 .ARM.attributes
                0x000008f6       0x34 d:/programy/swstm32/plugins/fr.ac6.mcu.externaltools.arm-none.win32_1.17.0.201812190825/tools/compiler/bin/../lib/gcc/arm-none-eabi/7.3.1/../../../../arm-none-eabi/lib/thumb/v7e-m/fpv4-sp/hard\libm.a(lib_a-s_copysign.o)
 .ARM.attributes
                0x0000092a       0x22 d:/programy/swstm32/plugins/fr.ac6.mcu.externaltools.arm-none.win32_1.17.0.201812190825/tools/compiler/bin/../lib/gcc/arm-none-eabi/7.3.1/thumb/v7e-m/fpv4-sp/hard\libgcc.a(_arm_addsubdf3.o)
 .ARM.attributes
                0x0000094c       0x22 d:/programy/swstm32/plugins/fr.ac6.mcu.externaltools.arm-none.win32_1.17.0.201812190825/tools/compiler/bin/../lib/gcc/arm-none-eabi/7.3.1/thumb/v7e-m/fpv4-sp/hard\libgcc.a(_arm_muldivdf3.o)
 .ARM.attributes
                0x0000096e       0x22 d:/programy/swstm32/plugins/fr.ac6.mcu.externaltools.arm-none.win32_1.17.0.201812190825/tools/compiler/bin/../lib/gcc/arm-none-eabi/7.3.1/thumb/v7e-m/fpv4-sp/hard\libgcc.a(_arm_cmpdf2.o)
 .ARM.attributes
                0x00000990       0x22 d:/programy/swstm32/plugins/fr.ac6.mcu.externaltools.arm-none.win32_1.17.0.201812190825/tools/compiler/bin/../lib/gcc/arm-none-eabi/7.3.1/thumb/v7e-m/fpv4-sp/hard\libgcc.a(_arm_unorddf2.o)
 .ARM.attributes